Archive member included to satisfy reference by file (symbol)

/usr/lib/gcc/arm-none-eabi/9.2.1/../../../arm-none-eabi/lib/thumb/v7e-m+fp/hard/libc_nano.a(lib_a-atexit.o)
                              /usr/lib/gcc/arm-none-eabi/9.2.1/../../../arm-none-eabi/lib/thumb/v7e-m+fp/hard/crt0.o (atexit)
/usr/lib/gcc/arm-none-eabi/9.2.1/../../../arm-none-eabi/lib/thumb/v7e-m+fp/hard/libc_nano.a(lib_a-ctype_.o)
                              _build/main/nrf_log_str_formatter.c.o (_ctype_)
/usr/lib/gcc/arm-none-eabi/9.2.1/../../../arm-none-eabi/lib/thumb/v7e-m+fp/hard/libc_nano.a(lib_a-exit.o)
                              /usr/lib/gcc/arm-none-eabi/9.2.1/../../../arm-none-eabi/lib/thumb/v7e-m+fp/hard/crt0.o (exit)
/usr/lib/gcc/arm-none-eabi/9.2.1/../../../arm-none-eabi/lib/thumb/v7e-m+fp/hard/libc_nano.a(lib_a-fini.o)
                              /usr/lib/gcc/arm-none-eabi/9.2.1/../../../arm-none-eabi/lib/thumb/v7e-m+fp/hard/crt0.o (__libc_fini_array)
/usr/lib/gcc/arm-none-eabi/9.2.1/../../../arm-none-eabi/lib/thumb/v7e-m+fp/hard/libc_nano.a(lib_a-impure.o)
                              /usr/lib/gcc/arm-none-eabi/9.2.1/../../../arm-none-eabi/lib/thumb/v7e-m+fp/hard/libc_nano.a(lib_a-exit.o) (_global_impure_ptr)
/usr/lib/gcc/arm-none-eabi/9.2.1/../../../arm-none-eabi/lib/thumb/v7e-m+fp/hard/libc_nano.a(lib_a-init.o)
                              /usr/lib/gcc/arm-none-eabi/9.2.1/../../../arm-none-eabi/lib/thumb/v7e-m+fp/hard/crt0.o (__libc_init_array)
/usr/lib/gcc/arm-none-eabi/9.2.1/../../../arm-none-eabi/lib/thumb/v7e-m+fp/hard/libc_nano.a(lib_a-memcpy.o)
                              _build/main/nrf_memobj.c.o (memcpy)
/usr/lib/gcc/arm-none-eabi/9.2.1/../../../arm-none-eabi/lib/thumb/v7e-m+fp/hard/libc_nano.a(lib_a-memset.o)
                              /usr/lib/gcc/arm-none-eabi/9.2.1/../../../arm-none-eabi/lib/thumb/v7e-m+fp/hard/crt0.o (memset)
/usr/lib/gcc/arm-none-eabi/9.2.1/../../../arm-none-eabi/lib/thumb/v7e-m+fp/hard/libc_nano.a(lib_a-strlen.o)
                              _build/main/nrf_log_frontend.c.o (strlen)
/usr/lib/gcc/arm-none-eabi/9.2.1/../../../arm-none-eabi/lib/thumb/v7e-m+fp/hard/libc_nano.a(lib_a-__atexit.o)
                              /usr/lib/gcc/arm-none-eabi/9.2.1/../../../arm-none-eabi/lib/thumb/v7e-m+fp/hard/libc_nano.a(lib_a-atexit.o) (__register_exitproc)
/usr/lib/gcc/arm-none-eabi/9.2.1/../../../arm-none-eabi/lib/thumb/v7e-m+fp/hard/libc_nano.a(lib_a-__call_atexit.o)
                              /usr/lib/gcc/arm-none-eabi/9.2.1/../../../arm-none-eabi/lib/thumb/v7e-m+fp/hard/libc_nano.a(lib_a-__atexit.o) (__call_exitprocs)
/usr/lib/gcc/arm-none-eabi/9.2.1/../../../arm-none-eabi/lib/thumb/v7e-m+fp/hard/libnosys.a(_exit.o)
                              /usr/lib/gcc/arm-none-eabi/9.2.1/../../../arm-none-eabi/lib/thumb/v7e-m+fp/hard/libc_nano.a(lib_a-exit.o) (_exit)

Allocating common symbols
Common symbol       size              file

nrf_nvic_state      0xc               _build/main/app_util_platform.c.o
nrf_drv_uart_use_easy_dma
                    0x2               _build/main/nrf_drv_uart.c.o

Discarded input sections

 .text          0x0000000000000000        0x0 /usr/lib/gcc/arm-none-eabi/9.2.1/thumb/v7e-m+fp/hard/crti.o
 .data          0x0000000000000000        0x0 /usr/lib/gcc/arm-none-eabi/9.2.1/thumb/v7e-m+fp/hard/crti.o
 .bss           0x0000000000000000        0x0 /usr/lib/gcc/arm-none-eabi/9.2.1/thumb/v7e-m+fp/hard/crti.o
 .data          0x0000000000000000        0x4 /usr/lib/gcc/arm-none-eabi/9.2.1/thumb/v7e-m+fp/hard/crtbegin.o
 .data          0x0000000000000000        0x0 /usr/lib/gcc/arm-none-eabi/9.2.1/../../../arm-none-eabi/lib/thumb/v7e-m+fp/hard/crt0.o
 .bss           0x0000000000000000        0x0 /usr/lib/gcc/arm-none-eabi/9.2.1/../../../arm-none-eabi/lib/thumb/v7e-m+fp/hard/crt0.o
 .ARM.extab     0x0000000000000000        0x0 /usr/lib/gcc/arm-none-eabi/9.2.1/../../../arm-none-eabi/lib/thumb/v7e-m+fp/hard/crt0.o
 .data          0x0000000000000000        0x0 _build/main/gcc_startup_nrf52840.S.o
 .bss           0x0000000000000000        0x0 _build/main/gcc_startup_nrf52840.S.o
 .group         0x0000000000000000        0xc _build/main/nrf_drv_clock.c.o
 .group         0x0000000000000000        0xc _build/main/nrf_drv_clock.c.o
 .group         0x0000000000000000        0xc _build/main/nrf_drv_clock.c.o
 .group         0x0000000000000000        0xc _build/main/nrf_drv_clock.c.o
 .group         0x0000000000000000        0xc _build/main/nrf_drv_clock.c.o
 .group         0x0000000000000000        0xc _build/main/nrf_drv_clock.c.o
 .group         0x0000000000000000        0xc _build/main/nrf_drv_clock.c.o
 .group         0x0000000000000000        0xc _build/main/nrf_drv_clock.c.o
 .group         0x0000000000000000        0xc _build/main/nrf_drv_clock.c.o
 .group         0x0000000000000000        0xc _build/main/nrf_drv_clock.c.o
 .group         0x0000000000000000        0xc _build/main/nrf_drv_clock.c.o
[...]
Memory Configuration

Name             Origin             Length             Attributes
FLASH            0x0000000000000000 0x0000000000100000 xr
RAM              0x0000000020003ff8 0x000000000003c008 xrw
*default*        0x0000000000000000 0xffffffffffffffff

Linker script and memory map


.text           0x0000000000000000     0x5794
 *(.isr_vector)
 .isr_vector    0x0000000000000000      0x200 _build/main/gcc_startup_nrf52840.S.o
                0x0000000000000000                __isr_vector
 *(.text*)
 .text          0x0000000000000200       0x88 /usr/lib/gcc/arm-none-eabi/9.2.1/thumb/v7e-m+fp/hard/crtbegin.o
 .text          0x0000000000000288       0x70 /usr/lib/gcc/arm-none-eabi/9.2.1/../../../arm-none-eabi/lib/thumb/v7e-m+fp/hard/crt0.o
                0x0000000000000288                _stack_init
                0x0000000000000290                _mainCRTStartup
                0x0000000000000290                _start
 .text          0x00000000000002f8       0x3c _build/main/gcc_startup_nrf52840.S.o
                0x00000000000002f8                Reset_Handler
                0x0000000000000320                NMI_Handler
                0x0000000000000322                HardFault_Handler
                0x0000000000000324                MemoryManagement_Handler
                0x0000000000000326                BusFault_Handler
                0x0000000000000328                UsageFault_Handler
                0x000000000000032a                SVC_Handler
                0x000000000000032c                DebugMon_Handler
                0x000000000000032e                PendSV_Handler
                0x0000000000000330                SysTick_Handler
                0x0000000000000332                TIMER2_IRQHandler
                0x0000000000000332                RTC0_IRQHandler
                0x0000000000000332                SWI0_EGU0_IRQHandler
                0x0000000000000332                PWM1_IRQHandler
                0x0000000000000332                RADIO_IRQHandler
                0x0000000000000332                PDM_IRQHandler
                0x0000000000000332                TEMP_IRQHandler
                0x0000000000000332                QDEC_IRQHandler
                0x0000000000000332                TIMER3_IRQHandler
                0x0000000000000332                PWM3_IRQHandler
                0x0000000000000332                FPU_IRQHandler
                0x0000000000000332                USBD_IRQHandler
                0x0000000000000332                SPIM0_SPIS0_TWIM0_TWIS0_SPI0_TWI0_IRQHandler
                0x0000000000000332                TIMER4_IRQHandler
                0x0000000000000332                CRYPTOCELL_IRQHandler
                0x0000000000000332                I2S_IRQHandler
                0x0000000000000332                SWI4_EGU4_IRQHandler
                0x0000000000000332                TIMER0_IRQHandler
                0x0000000000000332                UARTE1_IRQHandler
                0x0000000000000332                TIMER1_IRQHandler
                0x0000000000000332                SPIM3_IRQHandler
                0x0000000000000332                PWM2_IRQHandler
                0x0000000000000332                ECB_IRQHandler
                0x0000000000000332                SPIM1_SPIS1_TWIM1_TWIS1_SPI1_TWI1_IRQHandler
                0x0000000000000332                Default_Handler
                0x0000000000000332                SAADC_IRQHandler
                0x0000000000000332                CCM_AAR_IRQHandler
                0x0000000000000332                WDT_IRQHandler
                0x0000000000000332                SWI5_EGU5_IRQHandler
                0x0000000000000332                RNG_IRQHandler
                0x0000000000000332                RTC2_IRQHandler
                0x0000000000000332                PWM0_IRQHandler
                0x0000000000000332                SWI3_EGU3_IRQHandler
                0x0000000000000332                RTC1_IRQHandler
                0x0000000000000332                SWI1_EGU1_IRQHandler
                0x0000000000000332                SPIM2_SPIS2_SPI2_IRQHandler
                0x0000000000000332                NFCT_IRQHandler
                0x0000000000000332                MWU_IRQHandler
                0x0000000000000332                QSPI_IRQHandler
                0x0000000000000332                COMP_LPCOMP_IRQHandler
 .text.NVIC_DisableIRQ
                0x0000000000000334       0x34 _build/main/nrf_drv_clock.c.o
 .text.lfclk_stop
                0x0000000000000368       0x18 _build/main/nrf_drv_clock.c.o
 .text.nrf_drv_clock_init
                0x0000000000000380       0x64 _build/main/nrf_drv_clock.c.o
                0x0000000000000380                nrf_drv_clock_init
 .text.item_enqueue
                0x00000000000003e4       0x42 _build/main/nrf_drv_clock.c.o
 .text.item_dequeue
                0x0000000000000426       0x2a _build/main/nrf_drv_clock.c.o
 .text.nrf_drv_clock_lfclk_request
                0x0000000000000450       0x8c _build/main/nrf_drv_clock.c.o
                0x0000000000000450                nrf_drv_clock_lfclk_request
 .text.nrf_drv_clock_lfclk_release
                0x00000000000004dc       0x3c _build/main/nrf_drv_clock.c.o
                0x00000000000004dc                nrf_drv_clock_lfclk_release
 .text.clock_clk_started_notify
                0x0000000000000518       0x48 _build/main/nrf_drv_clock.c.o
 .text.clock_irq_handler
                0x0000000000000560       0x3c _build/main/nrf_drv_clock.c.o
 .text.soc_evt_handler
                0x000000000000059c       0x28 _build/main/nrf_drv_clock.c.o
 .text.sd_state_evt_handler
                0x00000000000005c4       0x7c _build/main/nrf_drv_clock.c.o
 .text.NVIC_EnableIRQ
                0x0000000000000640       0x34 _build/main/nrfx_clock.c.o
 .text.NVIC_SetPriority
                0x0000000000000674       0x54 _build/main/nrfx_clock.c.o
 .text.nrfx_get_irq_number
                0x00000000000006c8       0x1a _build/main/nrfx_clock.c.o
 .text._NRFX_IRQ_PRIORITY_SET
                0x00000000000006e2       0x26 _build/main/nrfx_clock.c.o
 .text._NRFX_IRQ_ENABLE
                0x0000000000000708       0x1c _build/main/nrfx_clock.c.o
 .text._NRFX_IRQ_IS_ENABLED
                0x0000000000000724       0x54 _build/main/nrfx_clock.c.o
 .text.nrf_clock_int_enable
                0x0000000000000778       0x1e _build/main/nrfx_clock.c.o
 .text.nrf_clock_int_disable
                0x0000000000000796       0x1e _build/main/nrfx_clock.c.o
 .text.nrf_clock_task_trigger
                0x00000000000007b4       0x20 _build/main/nrfx_clock.c.o
 .text.nrf_clock_event_clear
                0x00000000000007d4       0x2c _build/main/nrfx_clock.c.o
 .text.nrf_clock_event_check
                0x0000000000000800       0x28 _build/main/nrfx_clock.c.o
 .text.nrf_clock_lf_src_set
                0x0000000000000828       0x1e _build/main/nrfx_clock.c.o
 .text.nrf_clock_lf_is_running
                0x0000000000000846       0x26 _build/main/nrfx_clock.c.o
 .text.nrfx_power_clock_irq_init
                0x000000000000086c       0x54 _build/main/nrfx_clock.c.o
 .text.nrfx_clock_init
                0x00000000000008c0       0x40 _build/main/nrfx_clock.c.o
                0x00000000000008c0                nrfx_clock_init
 .text.nrfx_clock_enable
                0x0000000000000900       0x12 _build/main/nrfx_clock.c.o
                0x0000000000000900                nrfx_clock_enable
 .text.nrfx_clock_lfclk_start
                0x0000000000000912       0x1c _build/main/nrfx_clock.c.o
                0x0000000000000912                nrfx_clock_lfclk_start
 .text.nrfx_clock_lfclk_stop
                0x000000000000092e       0x1c _build/main/nrfx_clock.c.o
                0x000000000000092e                nrfx_clock_lfclk_stop
 *fill*         0x000000000000094a        0x2 
 .text.POWER_CLOCK_IRQHandler
                0x000000000000094c       0x68 _build/main/nrfx_clock.c.o
                0x000000000000094c                POWER_CLOCK_IRQHandler
 .text.SystemCoreClockUpdate
                0x00000000000009b4       0x1c _build/main/system_nrf52840.c.o
                0x00000000000009b4                SystemCoreClockUpdate
 .text.SystemInit
                0x00000000000009d0      0x1e4 _build/main/system_nrf52840.c.o
                0x00000000000009d0                SystemInit
 .text.errata_36
                0x0000000000000bb4       0x50 _build/main/system_nrf52840.c.o
 .text.errata_66
                0x0000000000000c04       0x50 _build/main/system_nrf52840.c.o
 .text.errata_98
                0x0000000000000c54       0x2c _build/main/system_nrf52840.c.o
 .text.errata_103
                0x0000000000000c80       0x2c _build/main/system_nrf52840.c.o
 .text.errata_115
                0x0000000000000cac       0x2c _build/main/system_nrf52840.c.o
 .text.errata_120
                0x0000000000000cd8       0x2c _build/main/system_nrf52840.c.o
 .text.errata_136
                0x0000000000000d04       0x50 _build/main/system_nrf52840.c.o
 .text.__sd_nvic_irq_disable
                0x0000000000000d54       0x22 _build/main/app_util_platform.c.o
 .text.__sd_nvic_irq_enable
                0x0000000000000d76       0x12 _build/main/app_util_platform.c.o
 .text.sd_nvic_critical_region_enter
                0x0000000000000d88       0x74 _build/main/app_util_platform.c.o
 .text.sd_nvic_critical_region_exit
                0x0000000000000dfc       0x50 _build/main/app_util_platform.c.o
 .text.app_util_critical_region_enter
                0x0000000000000e4c       0x16 _build/main/app_util_platform.c.o
                0x0000000000000e4c                app_util_critical_region_enter
 .text.app_util_critical_region_exit
                0x0000000000000e62       0x1a _build/main/app_util_platform.c.o
                0x0000000000000e62                app_util_critical_region_exit
 .text.nrf_memobj_alloc
                0x0000000000000e7c       0xac _build/main/nrf_memobj.c.o
                0x0000000000000e7c                nrf_memobj_alloc
 .text.nrf_memobj_free
                0x0000000000000f28       0x70 _build/main/nrf_memobj.c.o
                0x0000000000000f28                nrf_memobj_free
 .text.nrf_memobj_get
                0x0000000000000f98       0x20 _build/main/nrf_memobj.c.o
                0x0000000000000f98                nrf_memobj_get
 .text.nrf_memobj_put
                0x0000000000000fb8       0x38 _build/main/nrf_memobj.c.o
                0x0000000000000fb8                nrf_memobj_put
 .text.memobj_op
                0x0000000000000ff0      0x104 _build/main/nrf_memobj.c.o
 .text.nrf_memobj_write
                0x00000000000010f4       0x2c _build/main/nrf_memobj.c.o
                0x00000000000010f4                nrf_memobj_write
 .text.nrf_memobj_read
                0x0000000000001120       0x2c _build/main/nrf_memobj.c.o
                0x0000000000001120                nrf_memobj_read
 .text.uarte_evt_handler
                0x000000000000114c       0x50 _build/main/nrf_drv_uart.c.o
 .text.uart_evt_handler
                0x000000000000119c       0x50 _build/main/nrf_drv_uart.c.o
 .text.nrf_drv_uart_init
                0x00000000000011ec       0xcc _build/main/nrf_drv_uart.c.o
                0x00000000000011ec                nrf_drv_uart_init
 .text.nrf_gpiote_event_is_set
                0x00000000000012b8       0x28 _build/main/nrfx_gpiote.c.o
 .text.nrf_gpiote_event_clear
                0x00000000000012e0       0x32 _build/main/nrfx_gpiote.c.o
 .text.nrf_gpiote_event_addr_get
                0x0000000000001312       0x20 _build/main/nrfx_gpiote.c.o
 *fill*         0x0000000000001332        0x2 
 .text.nrf_gpiote_int_is_enabled
                0x0000000000001334       0x24 _build/main/nrfx_gpiote.c.o
 .text.nrf_gpiote_event_pin_get
                0x0000000000001358       0x2c _build/main/nrfx_gpiote.c.o
 .text.nrf_gpiote_event_polarity_get
                0x0000000000001384       0x2c _build/main/nrfx_gpiote.c.o
 .text.nrf_gpio_pin_port_decode
                0x00000000000013b0       0x34 _build/main/nrfx_gpiote.c.o
 .text.nrf_gpio_cfg_sense_set
                0x00000000000013e4       0x5a _build/main/nrfx_gpiote.c.o
 .text.nrf_gpio_pin_sense_get
                0x000000000000143e       0x2e _build/main/nrfx_gpiote.c.o
 .text.nrf_gpio_port_in_read
                0x000000000000146c       0x1a _build/main/nrfx_gpiote.c.o
 *fill*         0x0000000000001486        0x2 
 .text.nrf_gpio_ports_read
                0x0000000000001488       0x60 _build/main/nrfx_gpiote.c.o
 .text.nrf_bitmask_bit_is_set
                0x00000000000014e8       0x3a _build/main/nrfx_gpiote.c.o
 .text.nrf_bitmask_bit_set
                0x0000000000001522       0x4a _build/main/nrfx_gpiote.c.o
 .text.channel_port_get
                0x000000000000156c       0x24 _build/main/nrfx_gpiote.c.o
 .text.channel_handler_get
                0x0000000000001590       0x20 _build/main/nrfx_gpiote.c.o
 .text.GPIOTE_IRQHandler
                0x00000000000015b0      0x304 _build/main/nrfx_gpiote.c.o
                0x00000000000015b0                GPIOTE_IRQHandler
 .text.UARTE0_UART0_IRQHandler
                0x00000000000018b4       0x14 _build/main/nrfx_prs.c.o
                0x00000000000018b4                UARTE0_UART0_IRQHandler
 .text.prs_box_get
                0x00000000000018c8       0x2c _build/main/nrfx_prs.c.o
 .text.nrfx_prs_acquire
                0x00000000000018f4       0x68 _build/main/nrfx_prs.c.o
                0x00000000000018f4                nrfx_prs_acquire
 .text.nrfx_prs_release
                0x000000000000195c       0x2a _build/main/nrfx_prs.c.o
                0x000000000000195c                nrfx_prs_release
 .text.nrf_section_iter_get
                0x0000000000001986       0x18 _build/main/nrf_sdh.c.o
 *fill*         0x000000000000199e        0x2 
 .text.nrf_sdh_is_enabled
                0x00000000000019a0       0x18 _build/main/nrf_sdh.c.o
                0x00000000000019a0                nrf_sdh_is_enabled
 .text.nrf_sdh_evts_poll
                0x00000000000019b8       0x50 _build/main/nrf_sdh.c.o
                0x00000000000019b8                nrf_sdh_evts_poll
 .text.SWI2_EGU2_IRQHandler
                0x0000000000001a08        0xc _build/main/nrf_sdh.c.o
                0x0000000000001a08                SWI2_EGU2_IRQHandler
 .text.nrf_section_iter_init
                0x0000000000001a14       0x3a _build/main/nrf_section_iter.c.o
                0x0000000000001a14                nrf_section_iter_init
 .text.nrf_section_iter_next
                0x0000000000001a4e       0x46 _build/main/nrf_section_iter.c.o
                0x0000000000001a4e                nrf_section_iter_next
 .text.app_error_handler_bare
                0x0000000000001a94       0x2c _build/main/app_error.c.o
                0x0000000000001a94                app_error_handler_bare
 .text.NVIC_SystemReset
                0x0000000000001ac0       0x30 _build/main/app_error_weak.c.o
 .text.app_error_fault_handler
                0x0000000000001af0       0x7c _build/main/app_error_weak.c.o
                0x0000000000001af0                app_error_fault_handler
 .text.nrf_log_backend_serial_put
                0x0000000000001b6c      0x132 _build/main/nrf_log_backend_serial.c.o
                0x0000000000001b6c                nrf_log_backend_serial_put
 *fill*         0x0000000000001c9e        0x2 
 .text.nrf_drv_uart_uninit
                0x0000000000001ca0       0x48 _build/main/nrf_log_backend_uart.c.o
 .text.nrf_drv_uart_tx
                0x0000000000001ce8       0x60 _build/main/nrf_log_backend_uart.c.o
 .text.uart_evt_handler
                0x0000000000001d48       0x20 _build/main/nrf_log_backend_uart.c.o
 .text.uart_init
                0x0000000000001d68       0x84 _build/main/nrf_log_backend_uart.c.o
 .text.serial_tx
                0x0000000000001dec       0x64 _build/main/nrf_log_backend_uart.c.o
 .text.nrf_log_backend_uart_put
                0x0000000000001e50       0x2c _build/main/nrf_log_backend_uart.c.o
 .text.nrf_log_backend_uart_flush
                0x0000000000001e7c       0x14 _build/main/nrf_log_backend_uart.c.o
 .text.nrf_log_backend_uart_panic_set
                0x0000000000001e90       0x20 _build/main/nrf_log_backend_uart.c.o
 .text.nrf_log_backend_put
                0x0000000000001eb0       0x1e _build/main/nrf_log_frontend.c.o
 .text.nrf_log_backend_panic_set
                0x0000000000001ece       0x1a _build/main/nrf_log_frontend.c.o
 .text.nrf_log_backend_flush
                0x0000000000001ee8       0x1a _build/main/nrf_log_frontend.c.o
 .text.nrf_log_backend_enable
                0x0000000000001f02       0x1c _build/main/nrf_log_frontend.c.o
 .text.nrf_log_backend_is_enabled
                0x0000000000001f1e       0x1a _build/main/nrf_log_frontend.c.o
 .text.nrf_log_module_cnt_get
                0x0000000000001f38       0x20 _build/main/nrf_log_frontend.c.o
                0x0000000000001f38                nrf_log_module_cnt_get
 .text.module_idx_get
                0x0000000000001f58       0x60 _build/main/nrf_log_frontend.c.o
 .text.nrf_log_module_name_get
                0x0000000000001fb8       0x3c _build/main/nrf_log_frontend.c.o
                0x0000000000001fb8                nrf_log_module_name_get
 .text.nrf_log_color_id_get
                0x0000000000001ff4       0x68 _build/main/nrf_log_frontend.c.o
                0x0000000000001ff4                nrf_log_color_id_get
 .text.invalid_packets_omit
                0x000000000000205c       0x72 _build/main/nrf_log_frontend.c.o
 *fill*         0x00000000000020ce        0x2 
 .text.log_skip
                0x00000000000020d0       0xf8 _build/main/nrf_log_frontend.c.o
 .text.dropped_sat16_get
                0x00000000000021c8       0x2c _build/main/nrf_log_frontend.c.o
 .text.std_header_set
                0x00000000000021f4       0x9c _build/main/nrf_log_frontend.c.o
 .text.buf_prealloc
                0x0000000000002290      0x114 _build/main/nrf_log_frontend.c.o
 .text.std_n    0x00000000000023a4       0x94 _build/main/nrf_log_frontend.c.o
 .text.nrf_log_frontend_std_0
                0x0000000000002438       0x1e _build/main/nrf_log_frontend.c.o
                0x0000000000002438                nrf_log_frontend_std_0
 *fill*         0x0000000000002456        0x2 
 .text.buffer_is_empty
                0x0000000000002458       0x24 _build/main/nrf_log_frontend.c.o
                0x0000000000002458                buffer_is_empty
 .text.nrf_log_frontend_dequeue
                0x000000000000247c      0x380 _build/main/nrf_log_frontend.c.o
                0x000000000000247c                nrf_log_frontend_dequeue
 .text.nrf_log_panic
                0x00000000000027fc       0x40 _build/main/nrf_log_frontend.c.o
                0x00000000000027fc                nrf_log_panic
 .text.timestamp_print
                0x000000000000283c       0x16 _build/main/nrf_log_str_formatter.c.o
 *fill*         0x0000000000002852        0x2 
 .text.prefix_process
                0x0000000000002854       0xb4 _build/main/nrf_log_str_formatter.c.o
 .text.postfix_process
                0x0000000000002908       0x60 _build/main/nrf_log_str_formatter.c.o
 .text.nrf_log_std_entry_process
                0x0000000000002968      0x144 _build/main/nrf_log_str_formatter.c.o
                0x0000000000002968                nrf_log_std_entry_process
 .text.nrf_log_hexdump_entry_process
                0x0000000000002aac       0xf0 _build/main/nrf_log_str_formatter.c.o
                0x0000000000002aac                nrf_log_hexdump_entry_process
 .text.nrf_fprintf_buffer_flush
                0x0000000000002b9c       0x32 _build/main/nrf_fprintf.c.o
                0x0000000000002b9c                nrf_fprintf_buffer_flush
 .text.nrf_fprintf
                0x0000000000002bce       0x38 _build/main/nrf_fprintf.c.o
                0x0000000000002bce                nrf_fprintf
 .text.buffer_add
                0x0000000000002c06       0x48 _build/main/nrf_fprintf_format.c.o
 .text.string_print
                0x0000000000002c4e       0xb8 _build/main/nrf_fprintf_format.c.o
 *fill*         0x0000000000002d06        0x2 
 .text.unsigned_print
                0x0000000000002d08      0x12c _build/main/nrf_fprintf_format.c.o
 .text.int_print
                0x0000000000002e34      0x11e _build/main/nrf_fprintf_format.c.o
 *fill*         0x0000000000002f52        0x2 
 .text.nrf_fprintf_fmt
                0x0000000000002f54      0x338 _build/main/nrf_fprintf_format.c.o
                0x0000000000002f54                nrf_fprintf_fmt
 .text.nrf_atomic_u32_fetch_store
                0x000000000000328c       0x30 _build/main/nrf_atomic.c.o
                0x000000000000328c                nrf_atomic_u32_fetch_store
 .text.nrf_atomic_u32_or
                0x00000000000032bc       0x32 _build/main/nrf_atomic.c.o
                0x00000000000032bc                nrf_atomic_u32_or
 .text.nrf_atomic_u32_fetch_and
                0x00000000000032ee       0x32 _build/main/nrf_atomic.c.o
                0x00000000000032ee                nrf_atomic_u32_fetch_and
 .text.nrf_atomic_u32_add
                0x0000000000003320       0x32 _build/main/nrf_atomic.c.o
                0x0000000000003320                nrf_atomic_u32_add
 .text.nrf_atomic_u32_sub
                0x0000000000003352       0x32 _build/main/nrf_atomic.c.o
                0x0000000000003352                nrf_atomic_u32_sub
 .text.nrf_atomic_flag_set
                0x0000000000003384       0x1a _build/main/nrf_atomic.c.o
                0x0000000000003384                nrf_atomic_flag_set
 .text.nrf_atomic_flag_clear_fetch
                0x000000000000339e       0x1a _build/main/nrf_atomic.c.o
                0x000000000000339e                nrf_atomic_flag_clear_fetch
 .text.nrf_balloc_idx2block
                0x00000000000033b8       0x28 _build/main/nrf_balloc.c.o
 .text.nrf_balloc_block2idx
                0x00000000000033e0       0x28 _build/main/nrf_balloc.c.o
 .text.nrf_balloc_alloc
                0x0000000000003408       0x74 _build/main/nrf_balloc.c.o
                0x0000000000003408                nrf_balloc_alloc
 .text.nrf_balloc_free
                0x000000000000347c       0x42 _build/main/nrf_balloc.c.o
                0x000000000000347c                nrf_balloc_free
 *fill*         0x00000000000034be        0x2 
 .text.NVIC_EnableIRQ
                0x00000000000034c0       0x34 _build/main/nrfx_uart.c.o
 .text.NVIC_DisableIRQ
                0x00000000000034f4       0x34 _build/main/nrfx_uart.c.o
 .text.NVIC_SetPriority
                0x0000000000003528       0x54 _build/main/nrfx_uart.c.o
 .text.nrfx_get_irq_number
                0x000000000000357c       0x1a _build/main/nrfx_uart.c.o
 .text._NRFX_IRQ_PRIORITY_SET
                0x0000000000003596       0x26 _build/main/nrfx_uart.c.o
 .text._NRFX_IRQ_ENABLE
                0x00000000000035bc       0x1c _build/main/nrfx_uart.c.o
 .text._NRFX_IRQ_DISABLE
                0x00000000000035d8       0x1c _build/main/nrfx_uart.c.o
 .text.nrf_uart_event_clear
                0x00000000000035f4       0x2e _build/main/nrfx_uart.c.o
 .text.nrf_uart_event_check
                0x0000000000003622       0x2a _build/main/nrfx_uart.c.o
 .text.nrf_uart_int_enable
                0x000000000000364c       0x1e _build/main/nrfx_uart.c.o
 .text.nrf_uart_int_enable_check
                0x000000000000366a       0x2a _build/main/nrfx_uart.c.o
 .text.nrf_uart_int_disable
                0x0000000000003694       0x1e _build/main/nrfx_uart.c.o
 .text.nrf_uart_errorsrc_get_and_clear
                0x00000000000036b2       0x26 _build/main/nrfx_uart.c.o
 .text.nrf_uart_enable
                0x00000000000036d8       0x1c _build/main/nrfx_uart.c.o
 .text.nrf_uart_disable
                0x00000000000036f4       0x1c _build/main/nrfx_uart.c.o
 .text.nrf_uart_txrx_pins_set
                0x0000000000003710       0x28 _build/main/nrfx_uart.c.o
 .text.nrf_uart_txrx_pins_disconnect
                0x0000000000003738       0x1e _build/main/nrfx_uart.c.o
 .text.nrf_uart_tx_pin_get
                0x0000000000003756       0x1a _build/main/nrfx_uart.c.o
 .text.nrf_uart_rx_pin_get
                0x0000000000003770       0x1a _build/main/nrfx_uart.c.o
 .text.nrf_uart_rts_pin_get
                0x000000000000378a       0x1a _build/main/nrfx_uart.c.o
 .text.nrf_uart_cts_pin_get
                0x00000000000037a4       0x1a _build/main/nrfx_uart.c.o
 .text.nrf_uart_hwfc_pins_set
                0x00000000000037be       0x28 _build/main/nrfx_uart.c.o
 .text.nrf_uart_hwfc_pins_disconnect
                0x00000000000037e6       0x1e _build/main/nrfx_uart.c.o
 .text.nrf_uart_rxd_get
                0x0000000000003804       0x1c _build/main/nrfx_uart.c.o
 .text.nrf_uart_txd_set
                0x0000000000003820       0x20 _build/main/nrfx_uart.c.o
 .text.nrf_uart_task_trigger
                0x0000000000003840       0x22 _build/main/nrfx_uart.c.o
 .text.nrf_uart_configure
                0x0000000000003862       0x2c _build/main/nrfx_uart.c.o
 .text.nrf_uart_baudrate_set
                0x000000000000388e       0x1e _build/main/nrfx_uart.c.o
 .text.nrf_gpio_pin_port_decode
                0x00000000000038ac       0x34 _build/main/nrfx_uart.c.o
 .text.nrf_gpio_cfg
                0x00000000000038e0       0x54 _build/main/nrfx_uart.c.o
 .text.nrf_gpio_cfg_output
                0x0000000000003934       0x24 _build/main/nrfx_uart.c.o
 .text.nrf_gpio_cfg_input
                0x0000000000003958       0x28 _build/main/nrfx_uart.c.o
 .text.nrf_gpio_cfg_default
                0x0000000000003980       0x24 _build/main/nrfx_uart.c.o
 .text.nrf_gpio_pin_set
                0x00000000000039a4       0x2a _build/main/nrfx_uart.c.o
 .text.nrf_gpio_port_out_set
                0x00000000000039ce       0x1e _build/main/nrfx_uart.c.o
 .text.apply_config
                0x00000000000039ec       0xc8 _build/main/nrfx_uart.c.o
 .text.interrupts_enable
                0x0000000000003ab4       0x6c _build/main/nrfx_uart.c.o
 .text.interrupts_disable
                0x0000000000003b20       0x34 _build/main/nrfx_uart.c.o
 .text.pins_to_default
                0x0000000000003b54       0x8c _build/main/nrfx_uart.c.o
 .text.nrfx_uart_init
                0x0000000000003be0       0xc4 _build/main/nrfx_uart.c.o
                0x0000000000003be0                nrfx_uart_init
 .text.nrfx_uart_uninit
                0x0000000000003ca4       0x5c _build/main/nrfx_uart.c.o
                0x0000000000003ca4                nrfx_uart_uninit
 .text.tx_byte  0x0000000000003d00       0x3e _build/main/nrfx_uart.c.o
 .text.tx_blocking
                0x0000000000003d3e       0x54 _build/main/nrfx_uart.c.o
 *fill*         0x0000000000003d92        0x2 
 .text.nrfx_uart_tx
                0x0000000000003d94       0xd8 _build/main/nrfx_uart.c.o
                0x0000000000003d94                nrfx_uart_tx
 .text.nrfx_uart_tx_in_progress
                0x0000000000003e6c       0x38 _build/main/nrfx_uart.c.o
                0x0000000000003e6c                nrfx_uart_tx_in_progress
 .text.rx_byte  0x0000000000003ea4       0x52 _build/main/nrfx_uart.c.o
 .text.rx_done_event
                0x0000000000003ef6       0x30 _build/main/nrfx_uart.c.o
 .text.tx_done_event
                0x0000000000003f26       0x36 _build/main/nrfx_uart.c.o
 .text.uart_irq_handler
                0x0000000000003f5c      0x1e0 _build/main/nrfx_uart.c.o
 .text.nrfx_uart_0_irq_handler
                0x000000000000413c       0x18 _build/main/nrfx_uart.c.o
                0x000000000000413c                nrfx_uart_0_irq_handler
 .text.NVIC_EnableIRQ
                0x0000000000004154       0x34 _build/main/nrfx_uarte.c.o
 .text.NVIC_DisableIRQ
                0x0000000000004188       0x34 _build/main/nrfx_uarte.c.o
 .text.NVIC_SetPriority
                0x00000000000041bc       0x54 _build/main/nrfx_uarte.c.o
 .text.nrfx_is_in_ram
                0x0000000000004210       0x26 _build/main/nrfx_uarte.c.o
 .text.nrfx_get_irq_number
                0x0000000000004236       0x1a _build/main/nrfx_uarte.c.o
 .text._NRFX_IRQ_PRIORITY_SET
                0x0000000000004250       0x26 _build/main/nrfx_uarte.c.o
 .text._NRFX_IRQ_ENABLE
                0x0000000000004276       0x1c _build/main/nrfx_uarte.c.o
 .text._NRFX_IRQ_DISABLE
                0x0000000000004292       0x1c _build/main/nrfx_uarte.c.o
 .text.nrf_uarte_event_clear
                0x00000000000042ae       0x2e _build/main/nrfx_uarte.c.o
 .text.nrf_uarte_event_check
                0x00000000000042dc       0x2a _build/main/nrfx_uarte.c.o
 .text.nrf_uarte_shorts_disable
                0x0000000000004306       0x28 _build/main/nrfx_uarte.c.o
 .text.nrf_uarte_int_enable
                0x000000000000432e       0x1e _build/main/nrfx_uarte.c.o
 .text.nrf_uarte_int_disable
                0x000000000000434c       0x1e _build/main/nrfx_uarte.c.o
 .text.nrf_uarte_errorsrc_get_and_clear
                0x000000000000436a       0x26 _build/main/nrfx_uarte.c.o
 .text.nrf_uarte_enable
                0x0000000000004390       0x1c _build/main/nrfx_uarte.c.o
 .text.nrf_uarte_disable
                0x00000000000043ac       0x1c _build/main/nrfx_uarte.c.o
 .text.nrf_uarte_txrx_pins_set
                0x00000000000043c8       0x28 _build/main/nrfx_uarte.c.o
 .text.nrf_uarte_txrx_pins_disconnect
                0x00000000000043f0       0x1e _build/main/nrfx_uarte.c.o
 .text.nrf_uarte_tx_pin_get
                0x000000000000440e       0x1a _build/main/nrfx_uarte.c.o
 .text.nrf_uarte_rx_pin_get
                0x0000000000004428       0x1a _build/main/nrfx_uarte.c.o
 .text.nrf_uarte_rts_pin_get
                0x0000000000004442       0x1a _build/main/nrfx_uarte.c.o
 .text.nrf_uarte_cts_pin_get
                0x000000000000445c       0x1a _build/main/nrfx_uarte.c.o
 .text.nrf_uarte_hwfc_pins_set
                0x0000000000004476       0x28 _build/main/nrfx_uarte.c.o
 .text.nrf_uarte_hwfc_pins_disconnect
                0x000000000000449e       0x1e _build/main/nrfx_uarte.c.o
 .text.nrf_uarte_task_trigger
                0x00000000000044bc       0x22 _build/main/nrfx_uarte.c.o
 .text.nrf_uarte_configure
                0x00000000000044de       0x2c _build/main/nrfx_uarte.c.o
 .text.nrf_uarte_baudrate_set
                0x000000000000450a       0x1e _build/main/nrfx_uarte.c.o
 .text.nrf_uarte_tx_buffer_set
                0x0000000000004528       0x28 _build/main/nrfx_uarte.c.o
 .text.nrf_uarte_tx_amount_get
                0x0000000000004550       0x1a _build/main/nrfx_uarte.c.o
 .text.nrf_uarte_rx_amount_get
                0x000000000000456a       0x1a _build/main/nrfx_uarte.c.o
 .text.nrf_gpio_pin_port_decode
                0x0000000000004584       0x34 _build/main/nrfx_uarte.c.o
 .text.nrf_gpio_cfg
                0x00000000000045b8       0x54 _build/main/nrfx_uarte.c.o
 .text.nrf_gpio_cfg_output
                0x000000000000460c       0x24 _build/main/nrfx_uarte.c.o
 .text.nrf_gpio_cfg_input
                0x0000000000004630       0x28 _build/main/nrfx_uarte.c.o
 .text.nrf_gpio_cfg_default
                0x0000000000004658       0x24 _build/main/nrfx_uarte.c.o
 .text.nrf_gpio_pin_set
                0x000000000000467c       0x2a _build/main/nrfx_uarte.c.o
 .text.nrf_gpio_port_out_set
                0x00000000000046a6       0x1e _build/main/nrfx_uarte.c.o
 .text.apply_config
                0x00000000000046c4       0xc8 _build/main/nrfx_uarte.c.o
 .text.interrupts_enable
                0x000000000000478c       0x94 _build/main/nrfx_uarte.c.o
 .text.interrupts_disable
                0x0000000000004820       0x34 _build/main/nrfx_uarte.c.o
 .text.pins_to_default
                0x0000000000004854       0x8c _build/main/nrfx_uarte.c.o
 .text.nrfx_uarte_init
                0x00000000000048e0       0xbc _build/main/nrfx_uarte.c.o
                0x00000000000048e0                nrfx_uarte_init
 .text.nrfx_uarte_uninit
                0x000000000000499c       0xac _build/main/nrfx_uarte.c.o
                0x000000000000499c                nrfx_uarte_uninit
 .text.nrfx_uarte_tx
                0x0000000000004a48      0x124 _build/main/nrfx_uarte.c.o
                0x0000000000004a48                nrfx_uarte_tx
 .text.nrfx_uarte_tx_in_progress
                0x0000000000004b6c       0x38 _build/main/nrfx_uarte.c.o
                0x0000000000004b6c                nrfx_uarte_tx_in_progress
 .text.rx_done_event
                0x0000000000004ba4       0x30 _build/main/nrfx_uarte.c.o
 .text.tx_done_event
                0x0000000000004bd4       0x36 _build/main/nrfx_uarte.c.o
 .text.uarte_irq_handler
                0x0000000000004c0a      0x18e _build/main/nrfx_uarte.c.o
 .text.nrfx_uarte_0_irq_handler
                0x0000000000004d98       0x18 _build/main/nrfx_uarte.c.o
                0x0000000000004d98                nrfx_uarte_0_irq_handler
 .text.nrfx_coredep_delay_us
                0x0000000000004db0       0x30 _build/main/main.c.o
 .text.nrf_delay_ms
                0x0000000000004de0       0x2c _build/main/main.c.o
 .text.nrf_gpio_pin_port_decode
                0x0000000000004e0c       0x34 _build/main/main.c.o
 .text.nrf_gpio_cfg
                0x0000000000004e40       0x54 _build/main/main.c.o
 .text.nrf_gpio_cfg_output
                0x0000000000004e94       0x24 _build/main/main.c.o
 .text.nrf_gpio_pin_set
                0x0000000000004eb8       0x2a _build/main/main.c.o
 .text.nrf_gpio_pin_clear
                0x0000000000004ee2       0x2a _build/main/main.c.o
 .text.nrf_gpio_port_out_set
                0x0000000000004f0c       0x1e _build/main/main.c.o
 .text.nrf_gpio_port_out_clear
                0x0000000000004f2a       0x1e _build/main/main.c.o
 .text.lfclk_config
                0x0000000000004f48       0x2a _build/main/main.c.o
 .text.main     0x0000000000004f72       0x64 _build/main/main.c.o
                0x0000000000004f72                main
 *fill*         0x0000000000004fd6        0x2 
 .text          0x0000000000004fd8        0xc /usr/lib/gcc/arm-none-eabi/9.2.1/../../../arm-none-eabi/lib/thumb/v7e-m+fp/hard/libc_nano.a(lib_a-atexit.o)
                0x0000000000004fd8                atexit
 .text          0x0000000000004fe4       0x28 /usr/lib/gcc/arm-none-eabi/9.2.1/../../../arm-none-eabi/lib/thumb/v7e-m+fp/hard/libc_nano.a(lib_a-exit.o)
                0x0000000000004fe4                exit
 .text          0x000000000000500c       0x34 /usr/lib/gcc/arm-none-eabi/9.2.1/../../../arm-none-eabi/lib/thumb/v7e-m+fp/hard/libc_nano.a(lib_a-fini.o)
                0x000000000000500c                __libc_fini_array
 .text          0x0000000000005040       0x48 /usr/lib/gcc/arm-none-eabi/9.2.1/../../../arm-none-eabi/lib/thumb/v7e-m+fp/hard/libc_nano.a(lib_a-init.o)
                0x0000000000005040                __libc_init_array
 .text          0x0000000000005088      0x134 /usr/lib/gcc/arm-none-eabi/9.2.1/../../../arm-none-eabi/lib/thumb/v7e-m+fp/hard/libc_nano.a(lib_a-memcpy.o)
                0x0000000000005088                memcpy
 .text          0x00000000000051bc       0xa0 /usr/lib/gcc/arm-none-eabi/9.2.1/../../../arm-none-eabi/lib/thumb/v7e-m+fp/hard/libc_nano.a(lib_a-memset.o)
                0x00000000000051bc                memset
 *fill*         0x000000000000525c       0x24 
 .text          0x0000000000005280       0xdc /usr/lib/gcc/arm-none-eabi/9.2.1/../../../arm-none-eabi/lib/thumb/v7e-m+fp/hard/libc_nano.a(lib_a-strlen.o)
                0x0000000000005280                strlen
 .text          0x000000000000535c       0xa0 /usr/lib/gcc/arm-none-eabi/9.2.1/../../../arm-none-eabi/lib/thumb/v7e-m+fp/hard/libc_nano.a(lib_a-__atexit.o)
                0x000000000000535c                __register_exitproc
 .text          0x00000000000053fc       0x9c /usr/lib/gcc/arm-none-eabi/9.2.1/../../../arm-none-eabi/lib/thumb/v7e-m+fp/hard/libc_nano.a(lib_a-__call_atexit.o)
                0x00000000000053fc                __call_exitprocs
 .text          0x0000000000005498        0x4 /usr/lib/gcc/arm-none-eabi/9.2.1/../../../arm-none-eabi/lib/thumb/v7e-m+fp/hard/libnosys.a(_exit.o)
                0x0000000000005498                _exit
 *(.init)
 .init          0x000000000000549c        0x4 /usr/lib/gcc/arm-none-eabi/9.2.1/thumb/v7e-m+fp/hard/crti.o
                0x000000000000549c                _init
 .init          0x00000000000054a0        0x8 /usr/lib/gcc/arm-none-eabi/9.2.1/thumb/v7e-m+fp/hard/crtn.o
 *(.fini)
 .fini          0x00000000000054a8        0x4 /usr/lib/gcc/arm-none-eabi/9.2.1/thumb/v7e-m+fp/hard/crti.o
                0x00000000000054a8                _fini
 .fini          0x00000000000054ac        0x8 /usr/lib/gcc/arm-none-eabi/9.2.1/thumb/v7e-m+fp/hard/crtn.o
 *crtbegin.o(.ctors)
 *crtbegin?.o(.ctors)
 *(EXCLUDE_FILE(*crtend.o *crtend?.o) .ctors)
 *(SORT_BY_NAME(.ctors.*))
 *(.ctors)
 *crtbegin.o(.dtors)
 *crtbegin?.o(.dtors)
 *(EXCLUDE_FILE(*crtend.o *crtend?.o) .dtors)
 *(SORT_BY_NAME(.dtors.*))
 *(.dtors)
 *(.rodata*)
 .rodata        0x00000000000054b4        0x6 _build/main/nrf_drv_clock.c.o
 *fill*         0x00000000000054ba        0x2 
 .rodata        0x00000000000054bc        0x6 _build/main/nrfx_clock.c.o
 *fill*         0x00000000000054c2        0x2 
 .rodata        0x00000000000054c4       0x10 _build/main/app_timer2.c.o
 .rodata        0x00000000000054d4        0x9 _build/main/nrf_pwr_mgmt.c.o
 *fill*         0x00000000000054dd        0x3 
 .rodata        0x00000000000054e0        0xf _build/main/nrfx_gpiote.c.o
 *fill*         0x00000000000054ef        0x1 
 .rodata        0x00000000000054f0        0x4 _build/main/nrfx_prs.c.o
 .rodata        0x00000000000054f4       0x34 _build/main/nrf_sdh.c.o
 .rodata.sdh_stack_observers
                0x0000000000005528        0xc _build/main/nrf_sdh.c.o
 .rodata        0x0000000000005534       0x19 _build/main/app_error_weak.c.o
 *fill*         0x000000000000554d        0x3 
 .rodata        0x0000000000005550       0x20 _build/main/nrf_log_backend_uart.c.o
 .rodata.nrf_log_backend_uart_api
                0x0000000000005570        0xc _build/main/nrf_log_backend_uart.c.o
                0x0000000000005570                nrf_log_backend_uart_api
 .rodata        0x000000000000557c       0x11 _build/main/nrf_log_default_backends.c.o
 *fill*         0x000000000000558d        0x3 
 .rodata        0x0000000000005590       0x15 _build/main/nrf_log_frontend.c.o
 *fill*         0x00000000000055a5        0x3 
 .rodata        0x00000000000055a8       0xaa _build/main/nrf_log_str_formatter.c.o
 *fill*         0x0000000000005652        0x2 
 .rodata._aV2C.7786
                0x0000000000005654       0x10 _build/main/nrf_fprintf_format.c.o
 .rodata        0x0000000000005664        0x5 _build/main/nrfx_uart.c.o
 *fill*         0x0000000000005669        0x3 
 .rodata.irq_handlers.9639
                0x000000000000566c        0x4 _build/main/nrfx_uart.c.o
 .rodata        0x0000000000005670        0x6 _build/main/nrfx_uarte.c.o
 *fill*         0x0000000000005676        0x2 
 .rodata.irq_handlers.9681
                0x0000000000005678        0x4 _build/main/nrfx_uarte.c.o
 *fill*         0x000000000000567c        0x4 
 .rodata.delay_machine_code.9373
                0x0000000000005680        0x6 _build/main/main.c.o
 *fill*         0x0000000000005686        0x2 
 .rodata        0x0000000000005688      0x101 /usr/lib/gcc/arm-none-eabi/9.2.1/../../../arm-none-eabi/lib/thumb/v7e-m+fp/hard/libc_nano.a(lib_a-ctype_.o)
                0x0000000000005688                _ctype_
 *fill*         0x0000000000005789        0x3 
 .rodata        0x000000000000578c        0x4 /usr/lib/gcc/arm-none-eabi/9.2.1/../../../arm-none-eabi/lib/thumb/v7e-m+fp/hard/libc_nano.a(lib_a-impure.o)
                0x000000000000578c                _global_impure_ptr
 *(.eh_frame*)
 .eh_frame      0x0000000000005790        0x0 /usr/lib/gcc/arm-none-eabi/9.2.1/thumb/v7e-m+fp/hard/crtbegin.o
 .eh_frame      0x0000000000005790        0x4 /usr/lib/gcc/arm-none-eabi/9.2.1/thumb/v7e-m+fp/hard/crtend.o

.glue_7         0x0000000000005794        0x0
 .glue_7        0x0000000000005794        0x0 linker stubs

.glue_7t        0x0000000000005794        0x0
 .glue_7t       0x0000000000005794        0x0 linker stubs

.vfp11_veneer   0x0000000000005794        0x0
 .vfp11_veneer  0x0000000000005794        0x0 linker stubs

.v4_bx          0x0000000000005794        0x0
 .v4_bx         0x0000000000005794        0x0 linker stubs

.iplt           0x0000000000005794        0x0
 .iplt          0x0000000000005794        0x0 /usr/lib/gcc/arm-none-eabi/9.2.1/thumb/v7e-m+fp/hard/crtbegin.o

.mem_section_dummy_rom

.sdh_soc_observers
                0x0000000000005794        0x8
                [!provide]                        PROVIDE (__start_sdh_soc_observers = .)
 *(SORT_BY_NAME(.sdh_soc_observers*))
 .sdh_soc_observers0
                0x0000000000005794        0x8 _build/main/nrf_drv_clock.c.o
                [!provide]                        PROVIDE (__stop_sdh_soc_observers = .)

.sdh_ble_observers
                0x000000000000579c        0x0
                [!provide]                        PROVIDE (__start_sdh_ble_observers = .)
 *(SORT_BY_NAME(.sdh_ble_observers*))
                [!provide]                        PROVIDE (__stop_sdh_ble_observers = .)

.sdh_ant_observers
                0x000000000000579c        0x0
                [!provide]                        PROVIDE (__start_sdh_ant_observers = .)
 *(SORT_BY_NAME(.sdh_ant_observers*))
                [!provide]                        PROVIDE (__stop_sdh_ant_observers = .)

.pwr_mgmt_data  0x000000000000579c        0x0
                0x000000000000579c                PROVIDE (__start_pwr_mgmt_data = .)
 *(SORT_BY_NAME(.pwr_mgmt_data*))
                0x000000000000579c                PROVIDE (__stop_pwr_mgmt_data = .)

.sdh_state_observers
                0x000000000000579c        0x8
                0x000000000000579c                PROVIDE (__start_sdh_state_observers = .)
 *(SORT_BY_NAME(.sdh_state_observers*))
 .sdh_state_observers0
                0x000000000000579c        0x8 _build/main/nrf_drv_clock.c.o
                0x00000000000057a4                PROVIDE (__stop_sdh_state_observers = .)

.sdh_stack_observers
                0x00000000000057a4        0x0
                0x00000000000057a4                PROVIDE (__start_sdh_stack_observers = .)
 *(SORT_BY_NAME(.sdh_stack_observers*))
                0x00000000000057a4                PROVIDE (__stop_sdh_stack_observers = .)

.sdh_req_observers
                0x00000000000057a4        0x0
                0x00000000000057a4                PROVIDE (__start_sdh_req_observers = .)
 *(SORT_BY_NAME(.sdh_req_observers*))
                0x00000000000057a4                PROVIDE (__stop_sdh_req_observers = .)

.log_const_data
                0x00000000000057a4       0x50
                0x00000000000057a4                PROVIDE (__start_log_const_data = .)
 *(SORT_BY_NAME(.log_const_data*))
 .log_const_data_CLOCK
                0x00000000000057a4        0x8 _build/main/nrfx_clock.c.o
                0x00000000000057a4                m_nrf_log_CLOCK_logs_data_const
 .log_const_data_GPIOTE
                0x00000000000057ac        0x8 _build/main/nrfx_gpiote.c.o
                0x00000000000057ac                m_nrf_log_GPIOTE_logs_data_const
 .log_const_data_PRS
                0x00000000000057b4        0x8 _build/main/nrfx_prs.c.o
                0x00000000000057b4                m_nrf_log_PRS_logs_data_const
 .log_const_data_UART
                0x00000000000057bc        0x8 _build/main/nrfx_uart.c.o
                0x00000000000057bc                m_nrf_log_UART_logs_data_const
 .log_const_data_UARTE
                0x00000000000057c4        0x8 _build/main/nrfx_uarte.c.o
                0x00000000000057c4                m_nrf_log_UARTE_logs_data_const
 .log_const_data_app
                0x00000000000057cc        0x8 _build/main/nrf_log_frontend.c.o
                0x00000000000057cc                m_nrf_log_app_logs_data_const
 .log_const_data_app_timer
                0x00000000000057d4        0x8 _build/main/app_timer2.c.o
                0x00000000000057d4                m_nrf_log_app_timer_logs_data_const
 .log_const_data_clock
                0x00000000000057dc        0x8 _build/main/nrf_drv_clock.c.o
                0x00000000000057dc                m_nrf_log_clock_logs_data_const
 .log_const_data_nrf_sdh
                0x00000000000057e4        0x8 _build/main/nrf_sdh.c.o
                0x00000000000057e4                m_nrf_log_nrf_sdh_logs_data_const
 .log_const_data_pwr_mgmt
                0x00000000000057ec        0x8 _build/main/nrf_pwr_mgmt.c.o
                0x00000000000057ec                m_nrf_log_pwr_mgmt_logs_data_const
                0x00000000000057f4                PROVIDE (__stop_log_const_data = .)

.log_backends   0x00000000000057f4       0x10
                [!provide]                        PROVIDE (__start_log_backends = .)
 *(SORT_BY_NAME(.log_backends*))
 .log_backends  0x00000000000057f4       0x10 _build/main/nrf_log_default_backends.c.o
                [!provide]                        PROVIDE (__stop_log_backends = .)

.nrf_balloc     0x0000000000005804       0x14
                [!provide]                        PROVIDE (__start_nrf_balloc = .)
 *(.nrf_balloc)
 .nrf_balloc    0x0000000000005804       0x14 _build/main/nrf_log_frontend.c.o
                0x0000000000005804                log_mempool
                [!provide]                        PROVIDE (__stop_nrf_balloc = .)

.ARM.extab
 *(.ARM.extab* .gnu.linkonce.armextab.*)
                0x0000000000005818                __exidx_start = .

.ARM.exidx      0x0000000000005818        0x8
 *(.ARM.exidx* .gnu.linkonce.armexidx.*)
 .ARM.exidx     0x0000000000005818        0x8 /usr/lib/gcc/arm-none-eabi/9.2.1/../../../arm-none-eabi/lib/thumb/v7e-m+fp/hard/crt0.o
                                         0x10 (size before relaxing)
                0x0000000000005820                __exidx_end = .
                0x0000000000005820                __etext = .

.rel.dyn        0x0000000000005820        0x0
 .rel.iplt      0x0000000000005820        0x0 /usr/lib/gcc/arm-none-eabi/9.2.1/thumb/v7e-m+fp/hard/crtbegin.o

.data           0x0000000020003ff8       0xc4 load address 0x0000000000005820
                0x0000000020003ff8                __data_start__ = .
 *(vtable)
 *(.data*)
 .data.SystemCoreClock
                0x0000000020003ff8        0x4 _build/main/system_nrf52840.c.o
                0x0000000020003ff8                SystemCoreClock
 .data.m_uart   0x0000000020003ffc       0x14 _build/main/nrf_log_backend_uart.c.o
                0x0000000020003ffc                m_uart
 .data.log_backend_cb_uart_log_backend
                0x0000000020004010        0x8 _build/main/nrf_log_default_backends.c.o
 .data.severity_names
                0x0000000020004018       0x14 _build/main/nrf_log_str_formatter.c.o
 .data.m_colors
                0x000000002000402c       0x24 _build/main/nrf_log_str_formatter.c.o
 .data          0x0000000020004050       0x64 /usr/lib/gcc/arm-none-eabi/9.2.1/../../../arm-none-eabi/lib/thumb/v7e-m+fp/hard/libc_nano.a(lib_a-impure.o)
                0x0000000020004050                _impure_ptr
                0x00000000200040b4                . = ALIGN (0x4)
                0x00000000200040b4                PROVIDE (__preinit_array_start = .)
 *(.preinit_array)
                0x00000000200040b4                PROVIDE (__preinit_array_end = .)
                0x00000000200040b4                . = ALIGN (0x4)
                0x00000000200040b4                PROVIDE (__init_array_start = .)
 *(SORT_BY_NAME(.init_array.*))
 *(.init_array)
 .init_array    0x00000000200040b4        0x4 /usr/lib/gcc/arm-none-eabi/9.2.1/thumb/v7e-m+fp/hard/crtbegin.o
                0x00000000200040b8                PROVIDE (__init_array_end = .)
                0x00000000200040b8                . = ALIGN (0x4)
                0x00000000200040b8                PROVIDE (__fini_array_start = .)
 *(SORT_BY_NAME(.fini_array.*))
 *(.fini_array)
 .fini_array    0x00000000200040b8        0x4 /usr/lib/gcc/arm-none-eabi/9.2.1/thumb/v7e-m+fp/hard/crtbegin.o
                0x00000000200040bc                PROVIDE (__fini_array_end = .)
 *(.jcr*)
                0x00000000200040bc                . = ALIGN (0x4)
                0x00000000200040bc                __data_end__ = .
LOAD /usr/lib/gcc/arm-none-eabi/9.2.1/thumb/v7e-m+fp/hard/crti.o
LOAD /usr/lib/gcc/arm-none-eabi/9.2.1/thumb/v7e-m+fp/hard/crtbegin.o
LOAD /usr/lib/gcc/arm-none-eabi/9.2.1/../../../arm-none-eabi/lib/thumb/v7e-m+fp/hard/crt0.o
LOAD _build/main/gcc_startup_nrf52840.S.o
LOAD _build/main/nrf_drv_clock.c.o
LOAD _build/main/nrfx_clock.c.o
LOAD _build/main/system_nrf52840.c.o
LOAD _build/main/app_timer2.c.o
LOAD _build/main/app_util_platform.c.o
LOAD _build/main/hardfault_handler_gcc.c.o
LOAD _build/main/hardfault_implementation.c.o
LOAD _build/main/nrf_assert.c.o
LOAD _build/main/nrf_memobj.c.o
LOAD _build/main/nrf_pwr_mgmt.c.o
LOAD _build/main/nrf_drv_uart.c.o
LOAD _build/main/nrfx_gpiote.c.o
LOAD _build/main/nrfx_prs.c.o
LOAD _build/main/nrf_nvmc.c.o
LOAD _build/main/nrf_sdh.c.o
LOAD _build/main/nrf_section_iter.c.o
LOAD _build/main/app_error.c.o
LOAD _build/main/app_error_handler_gcc.c.o
LOAD _build/main/app_error_weak.c.o
LOAD _build/main/nrf_log_backend_rtt.c.o
LOAD _build/main/nrf_log_backend_serial.c.o
LOAD _build/main/nrf_log_backend_uart.c.o
LOAD _build/main/nrf_log_default_backends.c.o
LOAD _build/main/nrf_log_frontend.c.o
LOAD _build/main/nrf_log_str_formatter.c.o
LOAD _build/main/nrf_fprintf.c.o
LOAD _build/main/nrf_fprintf_format.c.o
LOAD _build/main/nrf_ringbuf.c.o
LOAD _build/main/nrfx_atomic.c.o
LOAD _build/main/nrf_atflags.c.o
LOAD _build/main/nrf_atfifo.c.o
LOAD _build/main/nrf_atomic.c.o
LOAD _build/main/nrf_balloc.c.o
LOAD _build/main/app_uart_fifo.c.o
LOAD _build/main/nrfx_uart.c.o
LOAD _build/main/nrfx_uarte.c.o
LOAD _build/main/main.c.o
LOAD /usr/lib/gcc/arm-none-eabi/9.2.1/../../../arm-none-eabi/lib/thumb/v7e-m+fp/hard/libc_nano.a
LOAD /usr/lib/gcc/arm-none-eabi/9.2.1/../../../arm-none-eabi/lib/thumb/v7e-m+fp/hard/libnosys.a
LOAD /usr/lib/gcc/arm-none-eabi/9.2.1/../../../arm-none-eabi/lib/thumb/v7e-m+fp/hard/libm.a
START GROUP
LOAD /usr/lib/gcc/arm-none-eabi/9.2.1/thumb/v7e-m+fp/hard/libgcc.a
LOAD /usr/lib/gcc/arm-none-eabi/9.2.1/../../../arm-none-eabi/lib/thumb/v7e-m+fp/hard/libg_nano.a
LOAD /usr/lib/gcc/arm-none-eabi/9.2.1/../../../arm-none-eabi/lib/thumb/v7e-m+fp/hard/libc_nano.a
END GROUP
START GROUP
LOAD /usr/lib/gcc/arm-none-eabi/9.2.1/thumb/v7e-m+fp/hard/libgcc.a
LOAD /usr/lib/gcc/arm-none-eabi/9.2.1/../../../arm-none-eabi/lib/thumb/v7e-m+fp/hard/libc_nano.a
END GROUP
LOAD /usr/lib/gcc/arm-none-eabi/9.2.1/thumb/v7e-m+fp/hard/crtend.o
LOAD /usr/lib/gcc/arm-none-eabi/9.2.1/thumb/v7e-m+fp/hard/crtn.o
START GROUP
LOAD /usr/lib/gcc/arm-none-eabi/9.2.1/thumb/v7e-m+fp/hard/libgcc.a
LOAD /usr/lib/gcc/arm-none-eabi/9.2.1/../../../arm-none-eabi/lib/thumb/v7e-m+fp/hard/libc.a
LOAD /usr/lib/gcc/arm-none-eabi/9.2.1/../../../arm-none-eabi/lib/thumb/v7e-m+fp/hard/libnosys.a
END GROUP

.tm_clone_table
                0x00000000200040bc        0x0 load address 0x00000000000058e4
 .tm_clone_table
                0x00000000200040bc        0x0 /usr/lib/gcc/arm-none-eabi/9.2.1/thumb/v7e-m+fp/hard/crtbegin.o
 .tm_clone_table
                0x00000000200040bc        0x0 /usr/lib/gcc/arm-none-eabi/9.2.1/thumb/v7e-m+fp/hard/crtend.o

.igot.plt       0x00000000200040bc        0x0 load address 0x00000000000058e4
 .igot.plt      0x00000000200040bc        0x0 /usr/lib/gcc/arm-none-eabi/9.2.1/thumb/v7e-m+fp/hard/crtbegin.o
                0x00000000200040bc                . = ALIGN (0x4)

.mem_section_dummy_ram

.log_dynamic_data
                0x00000000200040bc        0x0
                0x00000000200040bc                PROVIDE (__start_log_dynamic_data = .)
 *(SORT_BY_NAME(.log_dynamic_data*))
                [!provide]                        PROVIDE (__stop_log_dynamic_data = .)

.log_filter_data
                0x00000000200040bc        0x0
                [!provide]                        PROVIDE (__start_log_filter_data = .)
 *(SORT_BY_NAME(.log_filter_data*))
                [!provide]                        PROVIDE (__stop_log_filter_data = .)

.fs_data        0x00000000200040bc        0x0
                [!provide]                        PROVIDE (__start_fs_data = .)
 *(.fs_data)
                [!provide]                        PROVIDE (__stop_fs_data = .)

.bss            0x00000000200040bc      0x6e8 load address 0x00000000000058e4
                0x00000000200040bc                . = ALIGN (0x4)
                0x00000000200040bc                __bss_start__ = .
 *(.bss*)
 .bss           0x00000000200040bc       0x1c /usr/lib/gcc/arm-none-eabi/9.2.1/thumb/v7e-m+fp/hard/crtbegin.o
 .bss.m_clock_cb
                0x00000000200040d8       0x14 _build/main/nrf_drv_clock.c.o
 .bss.m_clock_cb
                0x00000000200040ec        0x8 _build/main/nrfx_clock.c.o
 .bss.m_handlers
                0x00000000200040f4        0x8 _build/main/nrf_drv_uart.c.o
 .bss.m_contexts
                0x00000000200040fc        0x8 _build/main/nrf_drv_uart.c.o
 .bss.m_cb      0x0000000020004104       0x6c _build/main/nrfx_gpiote.c.o
 .bss.m_prs_box_4
                0x0000000020004170        0x8 _build/main/nrfx_prs.c.o
 .bss.m_nrf_sdh_enabled
                0x0000000020004178        0x1 _build/main/nrf_sdh.c.o
 *fill*         0x0000000020004179        0x3 
 .bss.m_string_buff
                0x000000002000417c       0x40 _build/main/nrf_log_backend_uart.c.o
 .bss.m_xfer_done
                0x00000000200041bc        0x1 _build/main/nrf_log_backend_uart.c.o
 .bss.m_async_mode
                0x00000000200041bd        0x1 _build/main/nrf_log_backend_uart.c.o
 *fill*         0x00000000200041be        0x2 
 .bss.log_mempool_nrf_balloc_pool_stack
                0x00000000200041c0        0x8 _build/main/nrf_log_frontend.c.o
 .bss.log_mempool_nrf_balloc_pool_mem
                0x00000000200041c8       0xc0 _build/main/nrf_log_frontend.c.o
 .bss.log_mempool_nrf_balloc_cb
                0x0000000020004288        0x8 _build/main/nrf_log_frontend.c.o
 .bss.m_log_data
                0x0000000020004290      0x424 _build/main/nrf_log_frontend.c.o
 .bss.m_cb      0x00000000200046b4       0x2c _build/main/nrfx_uart.c.o
 .bss.m_cb      0x00000000200046e0       0x24 _build/main/nrfx_uarte.c.o
 .bss           0x0000000020004704       0x8c /usr/lib/gcc/arm-none-eabi/9.2.1/../../../arm-none-eabi/lib/thumb/v7e-m+fp/hard/libc_nano.a(lib_a-__atexit.o)
 .bss           0x0000000020004790        0x4 /usr/lib/gcc/arm-none-eabi/9.2.1/../../../arm-none-eabi/lib/thumb/v7e-m+fp/hard/libc_nano.a(lib_a-__call_atexit.o)
                0x0000000020004790                _global_atexit
 *(COMMON)
 COMMON         0x0000000020004794        0xc _build/main/app_util_platform.c.o
                0x0000000020004794                nrf_nvic_state
 COMMON         0x00000000200047a0        0x2 _build/main/nrf_drv_uart.c.o
                0x00000000200047a0                nrf_drv_uart_use_easy_dma
                0x00000000200047a4                . = ALIGN (0x4)
 *fill*         0x00000000200047a2        0x2 
                0x00000000200047a4                __bss_end__ = .

.heap           0x00000000200047a8     0x2000
                0x00000000200047a8                __HeapBase = .
                0x00000000200047a8                __end__ = .
                [!provide]                        PROVIDE (end = .)
 *(.heap*)
 .heap          0x00000000200047a8     0x2000 _build/main/gcc_startup_nrf52840.S.o
                0x00000000200067a8                __HeapLimit = .

.stack_dummy    0x00000000200047a8     0x2000
 *(.stack*)
 .stack         0x00000000200047a8     0x2000 _build/main/gcc_startup_nrf52840.S.o
                0x0000000020040000                __StackTop = (ORIGIN (RAM) + LENGTH (RAM))
                0x000000002003e000                __StackLimit = (__StackTop - SIZEOF (.stack_dummy))
                0x0000000020040000                PROVIDE (__stack = __StackTop)
                0x0000000000000001                ASSERT ((__StackLimit >= __HeapLimit), region RAM overflowed with stack)
                0x00000000000000c4                DataInitFlashUsed = (__bss_start__ - __data_start__)
                0x0000000000005820                CodeFlashUsed = (__etext - ORIGIN (FLASH))
                0x00000000000058e4                TotalFlashUsed = (CodeFlashUsed + DataInitFlashUsed)
                0x0000000000000001                ASSERT ((TotalFlashUsed <= LENGTH (FLASH)), region FLASH overflowed with .data and user data)
OUTPUT(_build/main.out elf32-littlearm)
LOAD linker stubs

.ARM.attributes
                0x0000000000000000       0x30
 .ARM.attributes
                0x0000000000000000       0x1e /usr/lib/gcc/arm-none-eabi/9.2.1/thumb/v7e-m+fp/hard/crti.o
 .ARM.attributes
                0x000000000000001e       0x34 /usr/lib/gcc/arm-none-eabi/9.2.1/thumb/v7e-m+fp/hard/crtbegin.o
 .ARM.attributes
                0x0000000000000052       0x1c /usr/lib/gcc/arm-none-eabi/9.2.1/../../../arm-none-eabi/lib/thumb/v7e-m+fp/hard/crt0.o
 .ARM.attributes
                0x000000000000006e       0x20 _build/main/gcc_startup_nrf52840.S.o
 .ARM.attributes
                0x000000000000008e       0x34 _build/main/nrf_drv_clock.c.o
 .ARM.attributes
                0x00000000000000c2       0x34 _build/main/nrfx_clock.c.o
 .ARM.attributes
                0x00000000000000f6       0x34 _build/main/system_nrf52840.c.o
 .ARM.attributes
                0x000000000000012a       0x34 _build/main/app_timer2.c.o
 .ARM.attributes
                0x000000000000015e       0x34 _build/main/app_util_platform.c.o
 .ARM.attributes
                0x0000000000000192       0x34 _build/main/nrf_memobj.c.o
 .ARM.attributes
                0x00000000000001c6       0x34 _build/main/nrf_pwr_mgmt.c.o
 .ARM.attributes
                0x00000000000001fa       0x34 _build/main/nrf_drv_uart.c.o
 .ARM.attributes
                0x000000000000022e       0x34 _build/main/nrfx_gpiote.c.o
 .ARM.attributes
                0x0000000000000262       0x34 _build/main/nrfx_prs.c.o
 .ARM.attributes
                0x0000000000000296       0x34 _build/main/nrf_sdh.c.o
 .ARM.attributes
                0x00000000000002ca       0x34 _build/main/nrf_section_iter.c.o
 .ARM.attributes
                0x00000000000002fe       0x34 _build/main/app_error.c.o
 .ARM.attributes
                0x0000000000000332       0x34 _build/main/app_error_weak.c.o
 .ARM.attributes
                0x0000000000000366       0x34 _build/main/nrf_log_backend_serial.c.o
 .ARM.attributes
                0x000000000000039a       0x34 _build/main/nrf_log_backend_uart.c.o
 .ARM.attributes
                0x00000000000003ce       0x34 _build/main/nrf_log_default_backends.c.o
 .ARM.attributes
                0x0000000000000402       0x34 _build/main/nrf_log_frontend.c.o
 .ARM.attributes
                0x0000000000000436       0x34 _build/main/nrf_log_str_formatter.c.o
 .ARM.attributes
                0x000000000000046a       0x34 _build/main/nrf_fprintf.c.o
 .ARM.attributes
                0x000000000000049e       0x34 _build/main/nrf_fprintf_format.c.o
 .ARM.attributes
                0x00000000000004d2       0x34 _build/main/nrf_atomic.c.o
 .ARM.attributes
                0x0000000000000506       0x34 _build/main/nrf_balloc.c.o
 .ARM.attributes
                0x000000000000053a       0x34 _build/main/nrfx_uart.c.o
 .ARM.attributes
                0x000000000000056e       0x34 _build/main/nrfx_uarte.c.o
 .ARM.attributes
                0x00000000000005a2       0x34 _build/main/main.c.o
 .ARM.attributes
                0x00000000000005d6       0x34 /usr/lib/gcc/arm-none-eabi/9.2.1/../../../arm-none-eabi/lib/thumb/v7e-m+fp/hard/libc_nano.a(lib_a-atexit.o)
 .ARM.attributes
                0x000000000000060a       0x32 /usr/lib/gcc/arm-none-eabi/9.2.1/../../../arm-none-eabi/lib/thumb/v7e-m+fp/hard/libc_nano.a(lib_a-ctype_.o)
 .ARM.attributes
                0x000000000000063c       0x34 /usr/lib/gcc/arm-none-eabi/9.2.1/../../../arm-none-eabi/lib/thumb/v7e-m+fp/hard/libc_nano.a(lib_a-exit.o)
 .ARM.attributes
                0x0000000000000670       0x34 /usr/lib/gcc/arm-none-eabi/9.2.1/../../../arm-none-eabi/lib/thumb/v7e-m+fp/hard/libc_nano.a(lib_a-fini.o)
 .ARM.attributes
                0x00000000000006a4       0x32 /usr/lib/gcc/arm-none-eabi/9.2.1/../../../arm-none-eabi/lib/thumb/v7e-m+fp/hard/libc_nano.a(lib_a-impure.o)
 .ARM.attributes
                0x00000000000006d6       0x34 /usr/lib/gcc/arm-none-eabi/9.2.1/../../../arm-none-eabi/lib/thumb/v7e-m+fp/hard/libc_nano.a(lib_a-init.o)
 .ARM.attributes
                0x000000000000070a       0x1c /usr/lib/gcc/arm-none-eabi/9.2.1/../../../arm-none-eabi/lib/thumb/v7e-m+fp/hard/libc_nano.a(lib_a-memcpy.o)
 .ARM.attributes
                0x0000000000000726       0x34 /usr/lib/gcc/arm-none-eabi/9.2.1/../../../arm-none-eabi/lib/thumb/v7e-m+fp/hard/libc_nano.a(lib_a-memset.o)
 .ARM.attributes
                0x000000000000075a       0x1c /usr/lib/gcc/arm-none-eabi/9.2.1/../../../arm-none-eabi/lib/thumb/v7e-m+fp/hard/libc_nano.a(lib_a-strlen.o)
 .ARM.attributes
                0x0000000000000776       0x34 /usr/lib/gcc/arm-none-eabi/9.2.1/../../../arm-none-eabi/lib/thumb/v7e-m+fp/hard/libc_nano.a(lib_a-__atexit.o)
 .ARM.attributes
                0x00000000000007aa       0x34 /usr/lib/gcc/arm-none-eabi/9.2.1/../../../arm-none-eabi/lib/thumb/v7e-m+fp/hard/libc_nano.a(lib_a-__call_atexit.o)
 .ARM.attributes
                0x00000000000007de       0x34 /usr/lib/gcc/arm-none-eabi/9.2.1/../../../arm-none-eabi/lib/thumb/v7e-m+fp/hard/libnosys.a(_exit.o)
 .ARM.attributes
                0x0000000000000812       0x32 /usr/lib/gcc/arm-none-eabi/9.2.1/thumb/v7e-m+fp/hard/crtend.o
 .ARM.attributes
                0x0000000000000844       0x1e /usr/lib/gcc/arm-none-eabi/9.2.1/thumb/v7e-m+fp/hard/crtn.o

.comment        0x0000000000000000       0xa7
 .comment       0x0000000000000000       0x59 /usr/lib/gcc/arm-none-eabi/9.2.1/thumb/v7e-m+fp/hard/crtbegin.o
                                         0x5a (size before relaxing)
 .comment       0x0000000000000059       0x5a _build/main/nrf_drv_clock.c.o
 .comment       0x0000000000000059       0x5a _build/main/nrfx_clock.c.o
 .comment       0x0000000000000059       0x5a _build/main/system_nrf52840.c.o
 .comment       0x0000000000000059       0x5a _build/main/app_timer2.c.o
 .comment       0x0000000000000059       0x5a _build/main/app_util_platform.c.o
 .comment       0x0000000000000059       0x5a _build/main/nrf_memobj.c.o
 .comment       0x0000000000000059       0x5a _build/main/nrf_pwr_mgmt.c.o
 .comment       0x0000000000000059       0x5a _build/main/nrf_drv_uart.c.o
 .comment       0x0000000000000059       0x5a _build/main/nrfx_gpiote.c.o
 .comment       0x0000000000000059       0x5a _build/main/nrfx_prs.c.o
 .comment       0x0000000000000059       0x5a _build/main/nrf_sdh.c.o
 .comment       0x0000000000000059       0x5a _build/main/nrf_section_iter.c.o
 .comment       0x0000000000000059       0x5a _build/main/app_error.c.o
 .comment       0x0000000000000059       0x5a _build/main/app_error_weak.c.o
 .comment       0x0000000000000059       0x5a _build/main/nrf_log_backend_serial.c.o
 .comment       0x0000000000000059       0x5a _build/main/nrf_log_backend_uart.c.o
 .comment       0x0000000000000059       0x5a _build/main/nrf_log_default_backends.c.o
 .comment       0x0000000000000059       0x5a _build/main/nrf_log_frontend.c.o
 .comment       0x0000000000000059       0x5a _build/main/nrf_log_str_formatter.c.o
 .comment       0x0000000000000059       0x5a _build/main/nrf_fprintf.c.o
 .comment       0x0000000000000059       0x5a _build/main/nrf_fprintf_format.c.o
 .comment       0x0000000000000059       0x5a _build/main/nrf_atomic.c.o
 .comment       0x0000000000000059       0x5a _build/main/nrf_balloc.c.o
 .comment       0x0000000000000059       0x5a _build/main/nrfx_uart.c.o
 .comment       0x0000000000000059       0x5a _build/main/nrfx_uarte.c.o
 .comment       0x0000000000000059       0x5a _build/main/main.c.o
 .comment       0x0000000000000059       0x4e /usr/lib/gcc/arm-none-eabi/9.2.1/../../../arm-none-eabi/lib/thumb/v7e-m+fp/hard/libc_nano.a(lib_a-atexit.o)
                                         0x4f (size before relaxing)
 .comment       0x00000000000000a7       0x4f /usr/lib/gcc/arm-none-eabi/9.2.1/../../../arm-none-eabi/lib/thumb/v7e-m+fp/hard/libc_nano.a(lib_a-ctype_.o)
 .comment       0x00000000000000a7       0x4f /usr/lib/gcc/arm-none-eabi/9.2.1/../../../arm-none-eabi/lib/thumb/v7e-m+fp/hard/libc_nano.a(lib_a-exit.o)
 .comment       0x00000000000000a7       0x4f /usr/lib/gcc/arm-none-eabi/9.2.1/../../../arm-none-eabi/lib/thumb/v7e-m+fp/hard/libc_nano.a(lib_a-fini.o)
 .comment       0x00000000000000a7       0x4f /usr/lib/gcc/arm-none-eabi/9.2.1/../../../arm-none-eabi/lib/thumb/v7e-m+fp/hard/libc_nano.a(lib_a-impure.o)
 .comment       0x00000000000000a7       0x4f /usr/lib/gcc/arm-none-eabi/9.2.1/../../../arm-none-eabi/lib/thumb/v7e-m+fp/hard/libc_nano.a(lib_a-init.o)
 .comment       0x00000000000000a7       0x4f /usr/lib/gcc/arm-none-eabi/9.2.1/../../../arm-none-eabi/lib/thumb/v7e-m+fp/hard/libc_nano.a(lib_a-memset.o)
 .comment       0x00000000000000a7       0x4f /usr/lib/gcc/arm-none-eabi/9.2.1/../../../arm-none-eabi/lib/thumb/v7e-m+fp/hard/libc_nano.a(lib_a-__atexit.o)
 .comment       0x00000000000000a7       0x4f /usr/lib/gcc/arm-none-eabi/9.2.1/../../../arm-none-eabi/lib/thumb/v7e-m+fp/hard/libc_nano.a(lib_a-__call_atexit.o)
 .comment       0x00000000000000a7       0x4f /usr/lib/gcc/arm-none-eabi/9.2.1/../../../arm-none-eabi/lib/thumb/v7e-m+fp/hard/libnosys.a(_exit.o)
 .comment       0x00000000000000a7       0x5a /usr/lib/gcc/arm-none-eabi/9.2.1/thumb/v7e-m+fp/hard/crtend.o

.debug_line     0x0000000000000000    0x17980
 .debug_line    0x0000000000000000       0x87 /usr/lib/gcc/arm-none-eabi/9.2.1/../../../arm-none-eabi/lib/thumb/v7e-m+fp/hard/crt0.o
 .debug_line    0x0000000000000087       0x8c _build/main/gcc_startup_nrf52840.S.o
 .debug_line    0x0000000000000113     0x113a _build/main/nrf_drv_clock.c.o
 .debug_line    0x000000000000124d     0x10bf _build/main/nrfx_clock.c.o
 .debug_line    0x000000000000230c      0x4aa _build/main/system_nrf52840.c.o
 .debug_line    0x00000000000027b6     0x11e1 _build/main/app_timer2.c.o
 .debug_line    0x0000000000003997      0xa41 _build/main/app_util_platform.c.o
 .debug_line    0x00000000000043d8      0xc1d _build/main/nrf_memobj.c.o
 .debug_line    0x0000000000004ff5     0x11b9 _build/main/nrf_pwr_mgmt.c.o
 .debug_line    0x00000000000061ae      0xbff _build/main/nrf_drv_uart.c.o
 .debug_line    0x0000000000006dad     0x1ab6 _build/main/nrfx_gpiote.c.o
 .debug_line    0x0000000000008863      0xccf _build/main/nrfx_prs.c.o
 .debug_line    0x0000000000009532      0xf3d _build/main/nrf_sdh.c.o
 .debug_line    0x000000000000a46f      0x517 _build/main/nrf_section_iter.c.o
 .debug_line    0x000000000000a986      0x46a _build/main/app_error.c.o
 .debug_line    0x000000000000adf0      0xc29 _build/main/app_error_weak.c.o
 .debug_line    0x000000000000ba19      0xbd2 _build/main/nrf_log_backend_serial.c.o
 .debug_line    0x000000000000c5eb      0xed2 _build/main/nrf_log_backend_uart.c.o
 .debug_line    0x000000000000d4bd      0xb3d _build/main/nrf_log_default_backends.c.o
 .debug_line    0x000000000000dffa     0x15b3 _build/main/nrf_log_frontend.c.o
 .debug_line    0x000000000000f5ad      0xd00 _build/main/nrf_log_str_formatter.c.o
 .debug_line    0x00000000000102ad      0x4ee _build/main/nrf_fprintf.c.o
 .debug_line    0x000000000001079b      0x7f1 _build/main/nrf_fprintf_format.c.o
 .debug_line    0x0000000000010f8c      0x6cd _build/main/nrf_atomic.c.o
 .debug_line    0x0000000000011659      0xb97 _build/main/nrf_balloc.c.o
 .debug_line    0x00000000000121f0     0x16f9 _build/main/nrfx_uart.c.o
 .debug_line    0x00000000000138e9     0x1666 _build/main/nrfx_uarte.c.o
 .debug_line    0x0000000000014f4f     0x1ac8 _build/main/main.c.o
 .debug_line    0x0000000000016a17      0x14a /usr/lib/gcc/arm-none-eabi/9.2.1/../../../arm-none-eabi/lib/thumb/v7e-m+fp/hard/libc_nano.a(lib_a-atexit.o)
 .debug_line    0x0000000000016b61      0x154 /usr/lib/gcc/arm-none-eabi/9.2.1/../../../arm-none-eabi/lib/thumb/v7e-m+fp/hard/libc_nano.a(lib_a-ctype_.o)
 .debug_line    0x0000000000016cb5      0x16c /usr/lib/gcc/arm-none-eabi/9.2.1/../../../arm-none-eabi/lib/thumb/v7e-m+fp/hard/libc_nano.a(lib_a-exit.o)
 .debug_line    0x0000000000016e21       0xd7 /usr/lib/gcc/arm-none-eabi/9.2.1/../../../arm-none-eabi/lib/thumb/v7e-m+fp/hard/libc_nano.a(lib_a-fini.o)
 .debug_line    0x0000000000016ef8       0xe3 /usr/lib/gcc/arm-none-eabi/9.2.1/../../../arm-none-eabi/lib/thumb/v7e-m+fp/hard/libc_nano.a(lib_a-impure.o)
 .debug_line    0x0000000000016fdb      0x10d /usr/lib/gcc/arm-none-eabi/9.2.1/../../../arm-none-eabi/lib/thumb/v7e-m+fp/hard/libc_nano.a(lib_a-init.o)
 .debug_line    0x00000000000170e8       0xbe /usr/lib/gcc/arm-none-eabi/9.2.1/../../../arm-none-eabi/lib/thumb/v7e-m+fp/hard/libc_nano.a(lib_a-memcpy.o)
 .debug_line    0x00000000000171a6      0x26b /usr/lib/gcc/arm-none-eabi/9.2.1/../../../arm-none-eabi/lib/thumb/v7e-m+fp/hard/libc_nano.a(lib_a-memset.o)
 .debug_line    0x0000000000017411       0xaf /usr/lib/gcc/arm-none-eabi/9.2.1/../../../arm-none-eabi/lib/thumb/v7e-m+fp/hard/libc_nano.a(lib_a-strlen.o)
 .debug_line    0x00000000000174c0      0x228 /usr/lib/gcc/arm-none-eabi/9.2.1/../../../arm-none-eabi/lib/thumb/v7e-m+fp/hard/libc_nano.a(lib_a-__atexit.o)
 .debug_line    0x00000000000176e8      0x22a /usr/lib/gcc/arm-none-eabi/9.2.1/../../../arm-none-eabi/lib/thumb/v7e-m+fp/hard/libc_nano.a(lib_a-__call_atexit.o)
 .debug_line    0x0000000000017912       0x6e /usr/lib/gcc/arm-none-eabi/9.2.1/../../../arm-none-eabi/lib/thumb/v7e-m+fp/hard/libnosys.a(_exit.o)

.debug_info     0x0000000000000000    0x3d5e4
 .debug_info    0x0000000000000000       0x26 /usr/lib/gcc/arm-none-eabi/9.2.1/../../../arm-none-eabi/lib/thumb/v7e-m+fp/hard/crt0.o
 .debug_info    0x0000000000000026       0x26 _build/main/gcc_startup_nrf52840.S.o
 .debug_info    0x000000000000004c     0x275a _build/main/nrf_drv_clock.c.o
 .debug_info    0x00000000000027a6     0x2712 _build/main/nrfx_clock.c.o
 .debug_info    0x0000000000004eb8     0x11b3 _build/main/system_nrf52840.c.o
 .debug_info    0x000000000000606b     0x26ec _build/main/app_timer2.c.o
 .debug_info    0x0000000000008757     0x1e22 _build/main/app_util_platform.c.o
 .debug_info    0x000000000000a579     0x1f6d _build/main/nrf_memobj.c.o
 .debug_info    0x000000000000c4e6     0x2ace _build/main/nrf_pwr_mgmt.c.o
 .debug_info    0x000000000000efb4     0x288a _build/main/nrf_drv_uart.c.o
 .debug_info    0x000000000001183e     0x3895 _build/main/nrfx_gpiote.c.o
 .debug_info    0x00000000000150d3     0x1f9d _build/main/nrfx_prs.c.o
 .debug_info    0x0000000000017070     0x26b5 _build/main/nrf_sdh.c.o
 .debug_info    0x0000000000019725      0xc43 _build/main/nrf_section_iter.c.o
 .debug_info    0x000000000001a368      0xb31 _build/main/app_error.c.o
 .debug_info    0x000000000001ae99     0x1f13 _build/main/app_error_weak.c.o
 .debug_info    0x000000000001cdac     0x1efc _build/main/nrf_log_backend_serial.c.o
 .debug_info    0x000000000001eca8     0x2897 _build/main/nrf_log_backend_uart.c.o
 .debug_info    0x000000000002153f     0x1b6d _build/main/nrf_log_default_backends.c.o
 .debug_info    0x00000000000230ac     0x302d _build/main/nrf_log_frontend.c.o
 .debug_info    0x00000000000260d9     0x1e96 _build/main/nrf_log_str_formatter.c.o
 .debug_info    0x0000000000027f6f      0xc98 _build/main/nrf_fprintf.c.o
 .debug_info    0x0000000000028c07      0xf06 _build/main/nrf_fprintf_format.c.o
 .debug_info    0x0000000000029b0d     0x1316 _build/main/nrf_atomic.c.o
 .debug_info    0x000000000002ae23     0x1bf0 _build/main/nrf_balloc.c.o
 .debug_info    0x000000000002ca13     0x3628 _build/main/nrfx_uart.c.o
 .debug_info    0x000000000003003b     0x3739 _build/main/nrfx_uarte.c.o
 .debug_info    0x0000000000033774     0x4cc1 _build/main/main.c.o
 .debug_info    0x0000000000038435      0x995 /usr/lib/gcc/arm-none-eabi/9.2.1/../../../arm-none-eabi/lib/thumb/v7e-m+fp/hard/libc_nano.a(lib_a-atexit.o)
 .debug_info    0x0000000000038dca      0xe91 /usr/lib/gcc/arm-none-eabi/9.2.1/../../../arm-none-eabi/lib/thumb/v7e-m+fp/hard/libc_nano.a(lib_a-ctype_.o)
 .debug_info    0x0000000000039c5b      0x9e7 /usr/lib/gcc/arm-none-eabi/9.2.1/../../../arm-none-eabi/lib/thumb/v7e-m+fp/hard/libc_nano.a(lib_a-exit.o)
 .debug_info    0x000000000003a642      0x102 /usr/lib/gcc/arm-none-eabi/9.2.1/../../../arm-none-eabi/lib/thumb/v7e-m+fp/hard/libc_nano.a(lib_a-fini.o)
 .debug_info    0x000000000003a744      0x92a /usr/lib/gcc/arm-none-eabi/9.2.1/../../../arm-none-eabi/lib/thumb/v7e-m+fp/hard/libc_nano.a(lib_a-impure.o)
 .debug_info    0x000000000003b06e      0x11a /usr/lib/gcc/arm-none-eabi/9.2.1/../../../arm-none-eabi/lib/thumb/v7e-m+fp/hard/libc_nano.a(lib_a-init.o)
 .debug_info    0x000000000003b188       0x26 /usr/lib/gcc/arm-none-eabi/9.2.1/../../../arm-none-eabi/lib/thumb/v7e-m+fp/hard/libc_nano.a(lib_a-memcpy.o)
 .debug_info    0x000000000003b1ae      0xf21 /usr/lib/gcc/arm-none-eabi/9.2.1/../../../arm-none-eabi/lib/thumb/v7e-m+fp/hard/libc_nano.a(lib_a-memset.o)
 .debug_info    0x000000000003c0cf       0x26 /usr/lib/gcc/arm-none-eabi/9.2.1/../../../arm-none-eabi/lib/thumb/v7e-m+fp/hard/libc_nano.a(lib_a-strlen.o)
 .debug_info    0x000000000003c0f5      0xa3c /usr/lib/gcc/arm-none-eabi/9.2.1/../../../arm-none-eabi/lib/thumb/v7e-m+fp/hard/libc_nano.a(lib_a-__atexit.o)
 .debug_info    0x000000000003cb31      0xa10 /usr/lib/gcc/arm-none-eabi/9.2.1/../../../arm-none-eabi/lib/thumb/v7e-m+fp/hard/libc_nano.a(lib_a-__call_atexit.o)
 .debug_info    0x000000000003d541       0xa3 /usr/lib/gcc/arm-none-eabi/9.2.1/../../../arm-none-eabi/lib/thumb/v7e-m+fp/hard/libnosys.a(_exit.o)

.debug_abbrev   0x0000000000000000     0x684c
 .debug_abbrev  0x0000000000000000       0x14 /usr/lib/gcc/arm-none-eabi/9.2.1/../../../arm-none-eabi/lib/thumb/v7e-m+fp/hard/crt0.o
 .debug_abbrev  0x0000000000000014       0x14 _build/main/gcc_startup_nrf52840.S.o
 .debug_abbrev  0x0000000000000028      0x48b _build/main/nrf_drv_clock.c.o
 .debug_abbrev  0x00000000000004b3      0x408 _build/main/nrfx_clock.c.o
 .debug_abbrev  0x00000000000008bb      0x1c8 _build/main/system_nrf52840.c.o
 .debug_abbrev  0x0000000000000a83      0x41a _build/main/app_timer2.c.o
 .debug_abbrev  0x0000000000000e9d      0x414 _build/main/app_util_platform.c.o
 .debug_abbrev  0x00000000000012b1      0x308 _build/main/nrf_memobj.c.o
 .debug_abbrev  0x00000000000015b9      0x4b3 _build/main/nrf_pwr_mgmt.c.o
 .debug_abbrev  0x0000000000001a6c      0x2e4 _build/main/nrf_drv_uart.c.o
 .debug_abbrev  0x0000000000001d50      0x48c _build/main/nrfx_gpiote.c.o
 .debug_abbrev  0x00000000000021dc      0x322 _build/main/nrfx_prs.c.o
 .debug_abbrev  0x00000000000024fe      0x407 _build/main/nrf_sdh.c.o
 .debug_abbrev  0x0000000000002905      0x237 _build/main/nrf_section_iter.c.o
 .debug_abbrev  0x0000000000002b3c      0x24c _build/main/app_error.c.o
 .debug_abbrev  0x0000000000002d88      0x2e9 _build/main/app_error_weak.c.o
 .debug_abbrev  0x0000000000003071      0x2dc _build/main/nrf_log_backend_serial.c.o
 .debug_abbrev  0x000000000000334d      0x370 _build/main/nrf_log_backend_uart.c.o
 .debug_abbrev  0x00000000000036bd      0x2a5 _build/main/nrf_log_default_backends.c.o
 .debug_abbrev  0x0000000000003962      0x525 _build/main/nrf_log_frontend.c.o
 .debug_abbrev  0x0000000000003e87      0x31d _build/main/nrf_log_str_formatter.c.o
 .debug_abbrev  0x00000000000041a4      0x26e _build/main/nrf_fprintf.c.o
 .debug_abbrev  0x0000000000004412      0x306 _build/main/nrf_fprintf_format.c.o
 .debug_abbrev  0x0000000000004718      0x2b1 _build/main/nrf_atomic.c.o
 .debug_abbrev  0x00000000000049c9      0x30e _build/main/nrf_balloc.c.o
 .debug_abbrev  0x0000000000004cd7      0x453 _build/main/nrfx_uart.c.o
 .debug_abbrev  0x000000000000512a      0x41b _build/main/nrfx_uarte.c.o
 .debug_abbrev  0x0000000000005545      0x38d _build/main/main.c.o
 .debug_abbrev  0x00000000000058d2      0x1f4 /usr/lib/gcc/arm-none-eabi/9.2.1/../../../arm-none-eabi/lib/thumb/v7e-m+fp/hard/libc_nano.a(lib_a-atexit.o)
 .debug_abbrev  0x0000000000005ac6      0x178 /usr/lib/gcc/arm-none-eabi/9.2.1/../../../arm-none-eabi/lib/thumb/v7e-m+fp/hard/libc_nano.a(lib_a-ctype_.o)
 .debug_abbrev  0x0000000000005c3e      0x1f6 /usr/lib/gcc/arm-none-eabi/9.2.1/../../../arm-none-eabi/lib/thumb/v7e-m+fp/hard/libc_nano.a(lib_a-exit.o)
 .debug_abbrev  0x0000000000005e34       0xcf /usr/lib/gcc/arm-none-eabi/9.2.1/../../../arm-none-eabi/lib/thumb/v7e-m+fp/hard/libc_nano.a(lib_a-fini.o)
 .debug_abbrev  0x0000000000005f03      0x17a /usr/lib/gcc/arm-none-eabi/9.2.1/../../../arm-none-eabi/lib/thumb/v7e-m+fp/hard/libc_nano.a(lib_a-impure.o)
 .debug_abbrev  0x000000000000607d       0xcc /usr/lib/gcc/arm-none-eabi/9.2.1/../../../arm-none-eabi/lib/thumb/v7e-m+fp/hard/libc_nano.a(lib_a-init.o)
 .debug_abbrev  0x0000000000006149       0x14 /usr/lib/gcc/arm-none-eabi/9.2.1/../../../arm-none-eabi/lib/thumb/v7e-m+fp/hard/libc_nano.a(lib_a-memcpy.o)
 .debug_abbrev  0x000000000000615d      0x1d9 /usr/lib/gcc/arm-none-eabi/9.2.1/../../../arm-none-eabi/lib/thumb/v7e-m+fp/hard/libc_nano.a(lib_a-memset.o)
 .debug_abbrev  0x0000000000006336       0x14 /usr/lib/gcc/arm-none-eabi/9.2.1/../../../arm-none-eabi/lib/thumb/v7e-m+fp/hard/libc_nano.a(lib_a-strlen.o)
 .debug_abbrev  0x000000000000634a      0x261 /usr/lib/gcc/arm-none-eabi/9.2.1/../../../arm-none-eabi/lib/thumb/v7e-m+fp/hard/libc_nano.a(lib_a-__atexit.o)
 .debug_abbrev  0x00000000000065ab      0x237 /usr/lib/gcc/arm-none-eabi/9.2.1/../../../arm-none-eabi/lib/thumb/v7e-m+fp/hard/libc_nano.a(lib_a-__call_atexit.o)
 .debug_abbrev  0x00000000000067e2       0x6a /usr/lib/gcc/arm-none-eabi/9.2.1/../../../arm-none-eabi/lib/thumb/v7e-m+fp/hard/libnosys.a(_exit.o)

.debug_aranges  0x0000000000000000     0x33c0
 .debug_aranges
                0x0000000000000000       0x20 /usr/lib/gcc/arm-none-eabi/9.2.1/../../../arm-none-eabi/lib/thumb/v7e-m+fp/hard/crt0.o
 .debug_aranges
                0x0000000000000020       0x20 _build/main/gcc_startup_nrf52840.S.o
 .debug_aranges
                0x0000000000000040      0x270 _build/main/nrf_drv_clock.c.o
 .debug_aranges
                0x00000000000002b0      0x290 _build/main/nrfx_clock.c.o
 .debug_aranges
                0x0000000000000540       0x60 _build/main/system_nrf52840.c.o
 .debug_aranges
                0x00000000000005a0      0x260 _build/main/app_timer2.c.o
 .debug_aranges
                0x0000000000000800      0x1f0 _build/main/app_util_platform.c.o
 .debug_aranges
                0x00000000000009f0      0x1e0 _build/main/nrf_memobj.c.o
 .debug_aranges
                0x0000000000000bd0      0x220 _build/main/nrf_pwr_mgmt.c.o
 .debug_aranges
                0x0000000000000df0      0x1b8 _build/main/nrf_drv_uart.c.o
 .debug_aranges
                0x0000000000000fa8      0x420 _build/main/nrfx_gpiote.c.o
 .debug_aranges
                0x00000000000013c8      0x1c0 _build/main/nrfx_prs.c.o
 .debug_aranges
                0x0000000000001588      0x278 _build/main/nrf_sdh.c.o
 .debug_aranges
                0x0000000000001800       0x30 _build/main/nrf_section_iter.c.o
 .debug_aranges
                0x0000000000001830       0x28 _build/main/app_error.c.o
 .debug_aranges
                0x0000000000001858      0x1d0 _build/main/app_error_weak.c.o
 .debug_aranges
                0x0000000000001a28      0x1a8 _build/main/nrf_log_backend_serial.c.o
 .debug_aranges
                0x0000000000001bd0      0x1e8 _build/main/nrf_log_backend_uart.c.o
 .debug_aranges
                0x0000000000001db8      0x1b0 _build/main/nrf_log_default_backends.c.o
 .debug_aranges
                0x0000000000001f68      0x2c8 _build/main/nrf_log_frontend.c.o
 .debug_aranges
                0x0000000000002230      0x1d0 _build/main/nrf_log_str_formatter.c.o
 .debug_aranges
                0x0000000000002400       0x30 _build/main/nrf_fprintf.c.o
 .debug_aranges
                0x0000000000002430       0x48 _build/main/nrf_fprintf_format.c.o
 .debug_aranges
                0x0000000000002478       0xc0 _build/main/nrf_atomic.c.o
 .debug_aranges
                0x0000000000002538      0x1c8 _build/main/nrf_balloc.c.o
 .debug_aranges
                0x0000000000002700      0x370 _build/main/nrfx_uart.c.o
 .debug_aranges
                0x0000000000002a70      0x360 _build/main/nrfx_uarte.c.o
 .debug_aranges
                0x0000000000002dd0      0x480 _build/main/main.c.o
 .debug_aranges
                0x0000000000003250       0x20 /usr/lib/gcc/arm-none-eabi/9.2.1/../../../arm-none-eabi/lib/thumb/v7e-m+fp/hard/libc_nano.a(lib_a-atexit.o)
 .debug_aranges
                0x0000000000003270       0x18 /usr/lib/gcc/arm-none-eabi/9.2.1/../../../arm-none-eabi/lib/thumb/v7e-m+fp/hard/libc_nano.a(lib_a-ctype_.o)
 .debug_aranges
                0x0000000000003288       0x20 /usr/lib/gcc/arm-none-eabi/9.2.1/../../../arm-none-eabi/lib/thumb/v7e-m+fp/hard/libc_nano.a(lib_a-exit.o)
 .debug_aranges
                0x00000000000032a8       0x20 /usr/lib/gcc/arm-none-eabi/9.2.1/../../../arm-none-eabi/lib/thumb/v7e-m+fp/hard/libc_nano.a(lib_a-fini.o)
 .debug_aranges
                0x00000000000032c8       0x18 /usr/lib/gcc/arm-none-eabi/9.2.1/../../../arm-none-eabi/lib/thumb/v7e-m+fp/hard/libc_nano.a(lib_a-impure.o)
 .debug_aranges
                0x00000000000032e0       0x20 /usr/lib/gcc/arm-none-eabi/9.2.1/../../../arm-none-eabi/lib/thumb/v7e-m+fp/hard/libc_nano.a(lib_a-init.o)
 .debug_aranges
                0x0000000000003300       0x20 /usr/lib/gcc/arm-none-eabi/9.2.1/../../../arm-none-eabi/lib/thumb/v7e-m+fp/hard/libc_nano.a(lib_a-memcpy.o)
 .debug_aranges
                0x0000000000003320       0x20 /usr/lib/gcc/arm-none-eabi/9.2.1/../../../arm-none-eabi/lib/thumb/v7e-m+fp/hard/libc_nano.a(lib_a-memset.o)
 .debug_aranges
                0x0000000000003340       0x20 /usr/lib/gcc/arm-none-eabi/9.2.1/../../../arm-none-eabi/lib/thumb/v7e-m+fp/hard/libc_nano.a(lib_a-strlen.o)
 .debug_aranges
                0x0000000000003360       0x20 /usr/lib/gcc/arm-none-eabi/9.2.1/../../../arm-none-eabi/lib/thumb/v7e-m+fp/hard/libc_nano.a(lib_a-__atexit.o)
 .debug_aranges
                0x0000000000003380       0x20 /usr/lib/gcc/arm-none-eabi/9.2.1/../../../arm-none-eabi/lib/thumb/v7e-m+fp/hard/libc_nano.a(lib_a-__call_atexit.o)
 .debug_aranges
                0x00000000000033a0       0x20 /usr/lib/gcc/arm-none-eabi/9.2.1/../../../arm-none-eabi/lib/thumb/v7e-m+fp/hard/libnosys.a(_exit.o)

.debug_str      0x0000000000000000    0xa1961
 .debug_str     0x0000000000000000       0x98 /usr/lib/gcc/arm-none-eabi/9.2.1/../../../arm-none-eabi/lib/thumb/v7e-m+fp/hard/crt0.o
 .debug_str     0x0000000000000098       0x94 _build/main/gcc_startup_nrf52840.S.o
                                         0xa0 (size before relaxing)
 .debug_str     0x000000000000012c    0x8b35f _build/main/nrf_drv_clock.c.o
                                      0x8cacc (size before relaxing)
 .debug_str     0x000000000008b48b      0x905 _build/main/nrfx_clock.c.o
                                      0x8c3c0 (size before relaxing)
 .debug_str     0x000000000008bd90      0x3f7 _build/main/system_nrf52840.c.o
                                      0x73810 (size before relaxing)
 .debug_str     0x000000000008c187     0x1395 _build/main/app_timer2.c.o
                                      0x8c987 (size before relaxing)
 .debug_str     0x000000000008d51c      0x2ba _build/main/app_util_platform.c.o
                                      0x7a1f7 (size before relaxing)
 .debug_str     0x000000000008d7d6     0x1128 _build/main/nrf_memobj.c.o
                                      0x8738d (size before relaxing)
 .debug_str     0x000000000008e8fe     0x136b _build/main/nrf_pwr_mgmt.c.o
                                      0x8e500 (size before relaxing)
 .debug_str     0x000000000008fc69     0x12ff _build/main/nrf_drv_uart.c.o
                                      0x89876 (size before relaxing)
 .debug_str     0x0000000000090f68     0x1c58 _build/main/nrfx_gpiote.c.o
                                      0x8d655 (size before relaxing)
 .debug_str     0x0000000000092bc0      0x340 _build/main/nrfx_prs.c.o
                                      0x8bad3 (size before relaxing)
 .debug_str     0x0000000000092f00      0xf55 _build/main/nrf_sdh.c.o
                                      0x89ac3 (size before relaxing)
 .debug_str     0x0000000000093e55       0x83 _build/main/nrf_section_iter.c.o
                                      0x835e4 (size before relaxing)
 .debug_str     0x0000000000093ed8       0xdb _build/main/app_error.c.o
                                      0x77fb4 (size before relaxing)
 .debug_str     0x0000000000093fb3       0xf9 _build/main/app_error_weak.c.o
                                      0x8a1f0 (size before relaxing)
 .debug_str     0x00000000000940ac      0x348 _build/main/nrf_log_backend_serial.c.o
                                      0x8920e (size before relaxing)
 .debug_str     0x00000000000943f4      0x1fd _build/main/nrf_log_backend_uart.c.o
                                      0x8d028 (size before relaxing)
 .debug_str     0x00000000000945f1      0x10b _build/main/nrf_log_default_backends.c.o
                                      0x89010 (size before relaxing)
 .debug_str     0x00000000000946fc      0xa9d _build/main/nrf_log_frontend.c.o
                                      0x8a3df (size before relaxing)
 .debug_str     0x0000000000095199      0x6bc _build/main/nrf_log_str_formatter.c.o
                                      0x89757 (size before relaxing)
 .debug_str     0x0000000000095855      0x15c _build/main/nrf_fprintf.c.o
                                      0x83405 (size before relaxing)
 .debug_str     0x00000000000959b1      0x524 _build/main/nrf_fprintf_format.c.o
                                      0x838de (size before relaxing)
 .debug_str     0x0000000000095ed5      0x712 _build/main/nrf_atomic.c.o
                                      0x837d1 (size before relaxing)
 .debug_str     0x00000000000965e7      0x157 _build/main/nrf_balloc.c.o
                                      0x89002 (size before relaxing)
 .debug_str     0x000000000009673e      0x6d7 _build/main/nrfx_uart.c.o
                                      0x8ccb1 (size before relaxing)
 .debug_str     0x0000000000096e15      0x99d _build/main/nrfx_uarte.c.o
                                      0x8d145 (size before relaxing)
 .debug_str     0x00000000000977b2     0x9700 _build/main/main.c.o
                                      0x97add (size before relaxing)
 .debug_str     0x00000000000a0eb2      0x1ee /usr/lib/gcc/arm-none-eabi/9.2.1/../../../arm-none-eabi/lib/thumb/v7e-m+fp/hard/libc_nano.a(lib_a-atexit.o)
                                        0x62d (size before relaxing)
 .debug_str     0x00000000000a10a0      0x2f7 /usr/lib/gcc/arm-none-eabi/9.2.1/../../../arm-none-eabi/lib/thumb/v7e-m+fp/hard/libc_nano.a(lib_a-ctype_.o)
                                        0x8fa (size before relaxing)
 .debug_str     0x00000000000a1397       0x69 /usr/lib/gcc/arm-none-eabi/9.2.1/../../../arm-none-eabi/lib/thumb/v7e-m+fp/hard/libc_nano.a(lib_a-exit.o)
                                        0x62e (size before relaxing)
 .debug_str     0x00000000000a1400       0xcc /usr/lib/gcc/arm-none-eabi/9.2.1/../../../arm-none-eabi/lib/thumb/v7e-m+fp/hard/libc_nano.a(lib_a-fini.o)
                                        0x1ff (size before relaxing)
 .debug_str     0x00000000000a14cc       0xa0 /usr/lib/gcc/arm-none-eabi/9.2.1/../../../arm-none-eabi/lib/thumb/v7e-m+fp/hard/libc_nano.a(lib_a-impure.o)
                                        0x5e2 (size before relaxing)
 .debug_str     0x00000000000a156c       0x90 /usr/lib/gcc/arm-none-eabi/9.2.1/../../../arm-none-eabi/lib/thumb/v7e-m+fp/hard/libc_nano.a(lib_a-init.o)
                                        0x229 (size before relaxing)
 .debug_str     0x00000000000a15fc       0xaa /usr/lib/gcc/arm-none-eabi/9.2.1/../../../arm-none-eabi/lib/thumb/v7e-m+fp/hard/libc_nano.a(lib_a-memcpy.o)
                                         0xb6 (size before relaxing)
 .debug_str     0x00000000000a16a6       0xaa /usr/lib/gcc/arm-none-eabi/9.2.1/../../../arm-none-eabi/lib/thumb/v7e-m+fp/hard/libc_nano.a(lib_a-memset.o)
                                        0x90f (size before relaxing)
 .debug_str     0x00000000000a1750       0x42 /usr/lib/gcc/arm-none-eabi/9.2.1/../../../arm-none-eabi/lib/thumb/v7e-m+fp/hard/libc_nano.a(lib_a-strlen.o)
                                         0xb5 (size before relaxing)
 .debug_str     0x00000000000a1792       0x7d /usr/lib/gcc/arm-none-eabi/9.2.1/../../../arm-none-eabi/lib/thumb/v7e-m+fp/hard/libc_nano.a(lib_a-__atexit.o)
                                        0x680 (size before relaxing)
 .debug_str     0x00000000000a180f       0x49 /usr/lib/gcc/arm-none-eabi/9.2.1/../../../arm-none-eabi/lib/thumb/v7e-m+fp/hard/libc_nano.a(lib_a-__call_atexit.o)
                                        0x62b (size before relaxing)
 .debug_str     0x00000000000a1858      0x109 /usr/lib/gcc/arm-none-eabi/9.2.1/../../../arm-none-eabi/lib/thumb/v7e-m+fp/hard/libnosys.a(_exit.o)
                                        0x19f (size before relaxing)

.debug_ranges   0x0000000000000000     0x30f8
 .debug_ranges  0x0000000000000000      0x278 _build/main/nrf_drv_clock.c.o
 .debug_ranges  0x0000000000000278      0x280 _build/main/nrfx_clock.c.o
 .debug_ranges  0x00000000000004f8       0x50 _build/main/system_nrf52840.c.o
 .debug_ranges  0x0000000000000548      0x280 _build/main/app_timer2.c.o
 .debug_ranges  0x00000000000007c8      0x1e0 _build/main/app_util_platform.c.o
 .debug_ranges  0x00000000000009a8      0x1d0 _build/main/nrf_memobj.c.o
 .debug_ranges  0x0000000000000b78      0x228 _build/main/nrf_pwr_mgmt.c.o
 .debug_ranges  0x0000000000000da0      0x1a8 _build/main/nrf_drv_uart.c.o
 .debug_ranges  0x0000000000000f48      0x410 _build/main/nrfx_gpiote.c.o
 .debug_ranges  0x0000000000001358      0x1b0 _build/main/nrfx_prs.c.o
 .debug_ranges  0x0000000000001508      0x268 _build/main/nrf_sdh.c.o
 .debug_ranges  0x0000000000001770       0x20 _build/main/nrf_section_iter.c.o
 .debug_ranges  0x0000000000001790       0x18 _build/main/app_error.c.o
 .debug_ranges  0x00000000000017a8      0x1c0 _build/main/app_error_weak.c.o
 .debug_ranges  0x0000000000001968      0x198 _build/main/nrf_log_backend_serial.c.o
 .debug_ranges  0x0000000000001b00      0x1d8 _build/main/nrf_log_backend_uart.c.o
 .debug_ranges  0x0000000000001cd8      0x1a0 _build/main/nrf_log_default_backends.c.o
 .debug_ranges  0x0000000000001e78      0x2b8 _build/main/nrf_log_frontend.c.o
 .debug_ranges  0x0000000000002130      0x1c0 _build/main/nrf_log_str_formatter.c.o
 .debug_ranges  0x00000000000022f0       0x20 _build/main/nrf_fprintf.c.o
 .debug_ranges  0x0000000000002310       0x38 _build/main/nrf_fprintf_format.c.o
 .debug_ranges  0x0000000000002348       0xb0 _build/main/nrf_atomic.c.o
 .debug_ranges  0x00000000000023f8      0x1b8 _build/main/nrf_balloc.c.o
 .debug_ranges  0x00000000000025b0      0x360 _build/main/nrfx_uart.c.o
 .debug_ranges  0x0000000000002910      0x350 _build/main/nrfx_uarte.c.o
 .debug_ranges  0x0000000000002c60      0x470 _build/main/main.c.o
 .debug_ranges  0x00000000000030d0       0x28 /usr/lib/gcc/arm-none-eabi/9.2.1/../../../arm-none-eabi/lib/thumb/v7e-m+fp/hard/libc_nano.a(lib_a-__call_atexit.o)

.debug_macro    0x0000000000000000    0x1ebd4
 .debug_macro   0x0000000000000000      0x476 _build/main/nrf_drv_clock.c.o
 .debug_macro   0x0000000000000476      0xacc _build/main/nrf_drv_clock.c.o
 .debug_macro   0x0000000000000f42      0x16d _build/main/nrf_drv_clock.c.o
 .debug_macro   0x00000000000010af      0xdb5 _build/main/nrf_drv_clock.c.o
 .debug_macro   0x0000000000001e64      0x34e _build/main/nrf_drv_clock.c.o
 .debug_macro   0x00000000000021b2      0x16d _build/main/nrf_drv_clock.c.o
 .debug_macro   0x000000000000231f       0x22 _build/main/nrf_drv_clock.c.o
 .debug_macro   0x0000000000002341       0x22 _build/main/nrf_drv_clock.c.o
 .debug_macro   0x0000000000002363       0x3b _build/main/nrf_drv_clock.c.o
 .debug_macro   0x000000000000239e       0x3b _build/main/nrf_drv_clock.c.o
 .debug_macro   0x00000000000023d9       0x50 _build/main/nrf_drv_clock.c.o
 .debug_macro   0x0000000000002429      0xe66 _build/main/nrf_drv_clock.c.o
 .debug_macro   0x000000000000328f      0x402 _build/main/nrf_drv_clock.c.o
 .debug_macro   0x0000000000003691    0x10c8a _build/main/nrf_drv_clock.c.o
 .debug_macro   0x000000000001431b      0xa65 _build/main/nrf_drv_clock.c.o
 .debug_macro   0x0000000000014d80       0x96 _build/main/nrf_drv_clock.c.o
 .debug_macro   0x0000000000014e16       0x26 _build/main/nrf_drv_clock.c.o
 .debug_macro   0x0000000000014e3c      0x430 _build/main/nrf_drv_clock.c.o
 .debug_macro   0x000000000001526c       0x59 _build/main/nrf_drv_clock.c.o
 .debug_macro   0x00000000000152c5      0x1fb _build/main/nrf_drv_clock.c.o
 .debug_macro   0x00000000000154c0      0x14e _build/main/nrf_drv_clock.c.o
 .debug_macro   0x000000000001560e       0x16 _build/main/nrf_drv_clock.c.o
 .debug_macro   0x0000000000015624       0x22 _build/main/nrf_drv_clock.c.o
 .debug_macro   0x0000000000015646       0x16 _build/main/nrf_drv_clock.c.o
 .debug_macro   0x000000000001565c       0x2e _build/main/nrf_drv_clock.c.o
 .debug_macro   0x000000000001568a      0x79e _build/main/nrf_drv_clock.c.o
 .debug_macro   0x0000000000015e28       0x3f _build/main/nrf_drv_clock.c.o
 .debug_macro   0x0000000000015e67       0xa0 _build/main/nrf_drv_clock.c.o
 .debug_macro   0x0000000000015f07       0x46 _build/main/nrf_drv_clock.c.o
 .debug_macro   0x0000000000015f4d       0xa3 _build/main/nrf_drv_clock.c.o
 .debug_macro   0x0000000000015ff0       0x3a _build/main/nrf_drv_clock.c.o
 .debug_macro   0x000000000001602a       0x22 _build/main/nrf_drv_clock.c.o
 .debug_macro   0x000000000001604c       0x52 _build/main/nrf_drv_clock.c.o
 .debug_macro   0x000000000001609e       0x18 _build/main/nrf_drv_clock.c.o
 .debug_macro   0x00000000000160b6       0x5c _build/main/nrf_drv_clock.c.o
 .debug_macro   0x0000000000016112       0x35 _build/main/nrf_drv_clock.c.o